******************************************************************************
                  TI ARM Linker PC v20.2.5                     
******************************************************************************
>> Linked Mon Mar  6 16:58:02 2023

OUTPUT FILE NAME:   <Lab3.out>
ENTRY POINT SYMBOL: "_c_int00_noargs"  address: 00000a61


MEMORY CONFIGURATION

         name            origin    length      used     unused   attr    fill
----------------------  --------  ---------  --------  --------  ----  --------
  MAIN                  00000000   00040000  00000ad8  0003f528  R  X
  INFO                  00200000   00004000  00000000  00004000  R  X
  SRAM_CODE             01000000   00010000  0000021c  0000fde4  RW X
  SRAM_DATA             20000000   00010000  0000021c  0000fde4  RW  


SEGMENT ALLOCATION MAP

run origin  load origin   length   init length attrs members
----------  ----------- ---------- ----------- ----- -------
00000000    00000000    00000ad8   00000ad8    r-x
  00000000    00000000    000000e4   000000e4    r-- .intvecs
  000000e4    000000e4    000009d4   000009d4    r-x .text
  00000ab8    00000ab8    00000020   00000020    r-- .cinit
20000000    20000000    0000001c   00000000    rw-
  20000000    20000000    0000001c   00000000    rw- .data
2000fe00    2000fe00    00000200   00000000    rw-
  2000fe00    2000fe00    00000200   00000000    rw- .stack


SECTION ALLOCATION MAP

 output                                  attributes/
section   page    origin      length       input sections
--------  ----  ----------  ----------   ----------------
.intvecs   0    00000000    000000e4     
                  00000000    000000e4     startup_msp432p401r_ccs.obj (.intvecs:retain)

.text      0    000000e4    000009d4     
                  000000e4    00000334     system_msp432p401r.obj (.text)
                  00000418    000001e0     Clock.obj (.text)
                  000005f8    000001d8     main.obj (.text)
                  000007d0    000000c4     Motor.obj (.text)
                  00000894    0000009c     rtsv7M4_T_le_v4SPD16_eabi.lib : memcpy_t2.asm.obj (.text)
                  00000930    00000084     Init_Ports.obj (.text)
                  000009b4    00000068     rtsv7M4_T_le_v4SPD16_eabi.lib : copy_decompress_lzss.c.obj (.text:decompress:lzss:__TI_decompress_lzss)
                  00000a1c    00000044                                   : autoinit.c.obj (.text:__TI_auto_init_nobinit_nopinit:__TI_auto_init_nobinit_nopinit)
                  00000a60    00000034                                   : boot_cortex_m.c.obj (.text:_c_int00_noargs:_c_int00_noargs)
                  00000a94    0000000e                                   : copy_decompress_none.c.obj (.text:decompress:none:__TI_decompress_none)
                  00000aa2    0000000e     startup_msp432p401r_ccs.obj (.text)
                  00000ab0    00000004     rtsv7M4_T_le_v4SPD16_eabi.lib : pre_init.c.obj (.text:_system_pre_init)
                  00000ab4    00000004                                   : exit.c.obj (.text:abort:abort)

.cinit     0    00000ab8    00000020     
                  00000ab8    0000000d     (.cinit..data.load) [load image, compression = lzss]
                  00000ac5    00000003     --HOLE-- [fill = 0]
                  00000ac8    00000008     (__TI_handler_table)
                  00000ad0    00000008     (__TI_cinit_table)

.init_array 
*          0    00000000    00000000     UNINITIALIZED

.binit     0    00000000    00000000     

.data      0    20000000    0000001c     UNINITIALIZED
                  20000000    00000018     Clock.obj (.data)
                  20000018    00000004     system_msp432p401r.obj (.data)

.stack     0    2000fe00    00000200     UNINITIALIZED
                  2000fe00    00000004     rtsv7M4_T_le_v4SPD16_eabi.lib : boot_cortex_m.c.obj (.stack)
                  2000fe04    000001fc     --HOLE--

__llvm_prf_cnts 
*          0    20000000    00000000     UNINITIALIZED

MODULE SUMMARY

       Module                        code   ro data   rw data
       ------                        ----   -------   -------
    .\
       system_msp432p401r.obj        820    0         8      
       Clock.obj                     480    0         48     
       main.obj                      472    0         0      
       startup_msp432p401r_ccs.obj   14     228       0      
       Motor.obj                     196    0         0      
       Init_Ports.obj                132    0         0      
    +--+-----------------------------+------+---------+---------+
       Total:                        2114   228       56     
                                                             
    C:\ti\ccs1110\ccs\tools\compiler\ti-cgt-arm_20.2.5.LTS\lib\rtsv7M4_T_le_v4SPD16_eabi.lib
       memcpy_t2.asm.obj             156    0         0      
       copy_decompress_lzss.c.obj    104    0         0      
       autoinit.c.obj                68     0         0      
       boot_cortex_m.c.obj           52     0         0      
       copy_decompress_none.c.obj    14     0         0      
       exit.c.obj                    4      0         0      
       pre_init.c.obj                4      0         0      
    +--+-----------------------------+------+---------+---------+
       Total:                        402    0         0      
                                                             
       Stack:                        0      0         1024   
       Linker Generated:             0      29        0      
    +--+-----------------------------+------+---------+---------+
       Grand Total:                  2516   257       1080   


LINKER GENERATED COPY TABLES

__TI_cinit_table @ 00000ad0 records: 1, size/record: 8, table size: 8
	.data: load addr=00000ab8, load size=0000000d bytes, run addr=20000000, run size=0000001c bytes, compression=lzss


LINKER GENERATED HANDLER TABLE

__TI_handler_table @ 00000ac8 records: 2, size/record: 4, table size: 8
	index: 0, handler: __TI_decompress_lzss
	index: 1, handler: __TI_decompress_none


GLOBAL SYMBOLS: SORTED ALPHABETICALLY BY Name 

address   name                          
-------   ----                          
00000aaf  ADC14_IRQHandler              
00000aaf  AES256_IRQHandler             
00000aaf  BusFault_Handler              
00000ab5  C$$EXIT                       
00000aaf  COMP_E0_IRQHandler            
00000aaf  COMP_E1_IRQHandler            
20000008  CPMwait                       
00000aaf  CS_IRQHandler                 
20000000  ClockFrequency                
0000056d  Clock_Delay1ms                
00000543  Clock_Delay1us                
0000052f  Clock_GetFreq                 
00000419  Clock_Init48MHz               
20000014  Crystalstable                 
00000aaf  DMA_ERR_IRQHandler            
00000aaf  DMA_INT0_IRQHandler           
00000aaf  DMA_INT1_IRQHandler           
00000aaf  DMA_INT2_IRQHandler           
00000aaf  DMA_INT3_IRQHandler           
00000aaf  DebugMon_Handler              
00000aaf  Default_Handler               
00000691  DelayTenMilliseconds          
00000aaf  EUSCIA0_IRQHandler            
00000aaf  EUSCIA1_IRQHandler            
00000aaf  EUSCIA2_IRQHandler            
00000aaf  EUSCIA3_IRQHandler            
00000aaf  EUSCIB0_IRQHandler            
00000aaf  EUSCIB1_IRQHandler            
00000aaf  EUSCIB2_IRQHandler            
00000aaf  EUSCIB3_IRQHandler            
00000aaf  FLCTL_IRQHandler              
00000aaf  FPU_IRQHandler                
00000aaf  HardFault_Handler             
20000010  IFlags                        
00000aaf  MemManage_Handler             
000007e7  Motor_Forward                 
00000841  Motor_Right                   
000007d1  Motor_Stop                    
00000aaf  NMI_Handler                   
00000aaf  PCM_IRQHandler                
00000aaf  PORT1_IRQHandler              
00000aaf  PORT2_IRQHandler              
00000aaf  PORT3_IRQHandler              
00000aaf  PORT4_IRQHandler              
00000aaf  PORT5_IRQHandler              
00000aaf  PORT6_IRQHandler              
00000aaf  PSS_IRQHandler                
00000aaf  PendSV_Handler                
0000098f  Port10_Init                   
00000931  Port1_Init                    
00000933  Port2_Init                    
00000959  Port3_Init                    
0000096f  Port4_Init                    
00000971  Port5_Init                    
00000987  Port6_Init                    
00000989  Port7_Init                    
0000098b  Port8_Init                    
0000098d  Port9_Init                    
00000991  PortJ_Init                    
2000000c  Postwait                      
20000004  Prewait                       
00000aaf  RTC_C_IRQHandler              
00000aa3  Reset_Handler                 
00000aaf  SVC_Handler                   
00000aaf  SysTick_Handler               
20000018  SystemCoreClock               
000000e5  SystemCoreClockUpdate         
0000035d  SystemInit                    
00000aaf  T32_INT1_IRQHandler           
00000aaf  T32_INT2_IRQHandler           
00000aaf  T32_INTC_IRQHandler           
00000aaf  TA0_0_IRQHandler              
00000aaf  TA0_N_IRQHandler              
00000aaf  TA1_0_IRQHandler              
00000aaf  TA1_N_IRQHandler              
00000aaf  TA2_0_IRQHandler              
00000aaf  TA2_N_IRQHandler              
00000aaf  TA3_0_IRQHandler              
00000aaf  TA3_N_IRQHandler              
000005f9  TimerInit                     
00000aaf  UsageFault_Handler            
4000480c  WDTCTL_SYM                    
00000aaf  WDT_A_IRQHandler              
20010000  __STACK_END                   
00000200  __STACK_SIZE                  
00000ad0  __TI_CINIT_Base               
00000ad8  __TI_CINIT_Limit              
00000ac8  __TI_Handler_Table_Base       
00000ad0  __TI_Handler_Table_Limit      
00000a1d  __TI_auto_init_nobinit_nopinit
000009b5  __TI_decompress_lzss          
00000a95  __TI_decompress_none          
ffffffff  __TI_pprof_out_hndl           
ffffffff  __TI_prof_data_size           
ffffffff  __TI_prof_data_start          
00000000  __TI_static_base__            
00000895  __aeabi_memcpy                
00000895  __aeabi_memcpy4               
00000895  __aeabi_memcpy8               
ffffffff  __binit__                     
ffffffff  __c_args__                    
UNDEFED   __mpu_init                    
2000fe00  __stack                       
20000000  __start___llvm_prf_cnts       
20000000  __stop___llvm_prf_cnts        
00000a61  _c_int00_noargs               
UNDEFED   _system_post_cinit            
00000ab1  _system_pre_init              
00000ab5  abort                         
ffffffff  binit                         
00000535  delay                         
00000000  interruptVectors              
000006c9  main                          
00000895  memcpy                        


GLOBAL SYMBOLS: SORTED BY Symbol Address 

address   name                          
-------   ----                          
00000000  __TI_static_base__            
00000000  interruptVectors              
000000e5  SystemCoreClockUpdate         
00000200  __STACK_SIZE                  
0000035d  SystemInit                    
00000419  Clock_Init48MHz               
0000052f  Clock_GetFreq                 
00000535  delay                         
00000543  Clock_Delay1us                
0000056d  Clock_Delay1ms                
000005f9  TimerInit                     
00000691  DelayTenMilliseconds          
000006c9  main                          
000007d1  Motor_Stop                    
000007e7  Motor_Forward                 
00000841  Motor_Right                   
00000895  __aeabi_memcpy                
00000895  __aeabi_memcpy4               
00000895  __aeabi_memcpy8               
00000895  memcpy                        
00000931  Port1_Init                    
00000933  Port2_Init                    
00000959  Port3_Init                    
0000096f  Port4_Init                    
00000971  Port5_Init                    
00000987  Port6_Init                    
00000989  Port7_Init                    
0000098b  Port8_Init                    
0000098d  Port9_Init                    
0000098f  Port10_Init                   
00000991  PortJ_Init                    
000009b5  __TI_decompress_lzss          
00000a1d  __TI_auto_init_nobinit_nopinit
00000a61  _c_int00_noargs               
00000a95  __TI_decompress_none          
00000aa3  Reset_Handler                 
00000aaf  ADC14_IRQHandler              
00000aaf  AES256_IRQHandler             
00000aaf  BusFault_Handler              
00000aaf  COMP_E0_IRQHandler            
00000aaf  COMP_E1_IRQHandler            
00000aaf  CS_IRQHandler                 
00000aaf  DMA_ERR_IRQHandler            
00000aaf  DMA_INT0_IRQHandler           
00000aaf  DMA_INT1_IRQHandler           
00000aaf  DMA_INT2_IRQHandler           
00000aaf  DMA_INT3_IRQHandler           
00000aaf  DebugMon_Handler              
00000aaf  Default_Handler               
00000aaf  EUSCIA0_IRQHandler            
00000aaf  EUSCIA1_IRQHandler            
00000aaf  EUSCIA2_IRQHandler            
00000aaf  EUSCIA3_IRQHandler            
00000aaf  EUSCIB0_IRQHandler            
00000aaf  EUSCIB1_IRQHandler            
00000aaf  EUSCIB2_IRQHandler            
00000aaf  EUSCIB3_IRQHandler            
00000aaf  FLCTL_IRQHandler              
00000aaf  FPU_IRQHandler                
00000aaf  HardFault_Handler             
00000aaf  MemManage_Handler             
00000aaf  NMI_Handler                   
00000aaf  PCM_IRQHandler                
00000aaf  PORT1_IRQHandler              
00000aaf  PORT2_IRQHandler              
00000aaf  PORT3_IRQHandler              
00000aaf  PORT4_IRQHandler              
00000aaf  PORT5_IRQHandler              
00000aaf  PORT6_IRQHandler              
00000aaf  PSS_IRQHandler                
00000aaf  PendSV_Handler                
00000aaf  RTC_C_IRQHandler              
00000aaf  SVC_Handler                   
00000aaf  SysTick_Handler               
00000aaf  T32_INT1_IRQHandler           
00000aaf  T32_INT2_IRQHandler           
00000aaf  T32_INTC_IRQHandler           
00000aaf  TA0_0_IRQHandler              
00000aaf  TA0_N_IRQHandler              
00000aaf  TA1_0_IRQHandler              
00000aaf  TA1_N_IRQHandler              
00000aaf  TA2_0_IRQHandler              
00000aaf  TA2_N_IRQHandler              
00000aaf  TA3_0_IRQHandler              
00000aaf  TA3_N_IRQHandler              
00000aaf  UsageFault_Handler            
00000aaf  WDT_A_IRQHandler              
00000ab1  _system_pre_init              
00000ab5  C$$EXIT                       
00000ab5  abort                         
00000ac8  __TI_Handler_Table_Base       
00000ad0  __TI_CINIT_Base               
00000ad0  __TI_Handler_Table_Limit      
00000ad8  __TI_CINIT_Limit              
20000000  ClockFrequency                
20000000  __start___llvm_prf_cnts       
20000000  __stop___llvm_prf_cnts        
20000004  Prewait                       
20000008  CPMwait                       
2000000c  Postwait                      
20000010  IFlags                        
20000014  Crystalstable                 
20000018  SystemCoreClock               
2000fe00  __stack                       
20010000  __STACK_END                   
4000480c  WDTCTL_SYM                    
ffffffff  __TI_pprof_out_hndl           
ffffffff  __TI_prof_data_size           
ffffffff  __TI_prof_data_start          
ffffffff  __binit__                     
ffffffff  __c_args__                    
ffffffff  binit                         
UNDEFED   __mpu_init                    
UNDEFED   _system_post_cinit            

[114 symbols]
