******************************************************************************
                  TI ARM Linker PC v20.2.5                     
******************************************************************************
>> Linked Tue Feb 21 13:35:23 2023

OUTPUT FILE NAME:   <Lab2.out>
ENTRY POINT SYMBOL: "_c_int00_noargs"  address: 00000a75


MEMORY CONFIGURATION

         name            origin    length      used     unused   attr    fill
----------------------  --------  ---------  --------  --------  ----  --------
  MAIN                  00000000   00040000  00000aec  0003f514  R  X
  INFO                  00200000   00004000  00000000  00004000  R  X
  SRAM_CODE             01000000   00010000  0000021c  0000fde4  RW X
  SRAM_DATA             20000000   00010000  0000021c  0000fde4  RW  


SEGMENT ALLOCATION MAP

run origin  load origin   length   init length attrs members
----------  ----------- ---------- ----------- ----- -------
00000000    00000000    00000af0   00000af0    r-x
  00000000    00000000    000000e4   000000e4    r-- .intvecs
  000000e4    000000e4    000009e8   000009e8    r-x .text
  00000ad0    00000ad0    00000020   00000020    r-- .cinit
20000000    20000000    0000001c   00000000    rw-
  20000000    20000000    0000001c   00000000    rw- .data
2000fe00    2000fe00    00000200   00000000    rw-
  2000fe00    2000fe00    00000200   00000000    rw- .stack


SECTION ALLOCATION MAP

 output                                  attributes/
section   page    origin      length       input sections
--------  ----  ----------  ----------   ----------------
.intvecs   0    00000000    000000e4     
                  00000000    000000e4     startup_msp432p401r_ccs.obj (.intvecs:retain)

.text      0    000000e4    000009e8     
                  000000e4    00000334     system_msp432p401r.obj (.text)
                  00000418    000002e4     Lab2_main.obj (.text)
                  000006fc    000001e0     Clock.obj (.text)
                  000008dc    0000009c     rtsv7M4_T_le_v4SPD16_eabi.lib : memcpy_t2.asm.obj (.text)
                  00000978    00000068                                   : copy_decompress_lzss.c.obj (.text:decompress:lzss:__TI_decompress_lzss)
                  000009e0    00000050     Init_Ports.obj (.text)
                  00000a30    00000044     rtsv7M4_T_le_v4SPD16_eabi.lib : autoinit.c.obj (.text:__TI_auto_init_nobinit_nopinit:__TI_auto_init_nobinit_nopinit)
                  00000a74    00000034                                   : boot_cortex_m.c.obj (.text:_c_int00_noargs:_c_int00_noargs)
                  00000aa8    0000000e                                   : copy_decompress_none.c.obj (.text:decompress:none:__TI_decompress_none)
                  00000ab6    0000000e     startup_msp432p401r_ccs.obj (.text)
                  00000ac4    00000004     rtsv7M4_T_le_v4SPD16_eabi.lib : pre_init.c.obj (.text:_system_pre_init)
                  00000ac8    00000004                                   : exit.c.obj (.text:abort:abort)

.cinit     0    00000ad0    00000020     
                  00000ad0    0000000d     (.cinit..data.load) [load image, compression = lzss]
                  00000add    00000003     --HOLE-- [fill = 0]
                  00000ae0    00000008     (__TI_handler_table)
                  00000ae8    00000008     (__TI_cinit_table)

.init_array 
*          0    00000000    00000000     UNINITIALIZED

.binit     0    00000000    00000000     

.data      0    20000000    0000001c     UNINITIALIZED
                  20000000    00000018     Clock.obj (.data)
                  20000018    00000004     system_msp432p401r.obj (.data)

.stack     0    2000fe00    00000200     UNINITIALIZED
                  2000fe00    00000004     rtsv7M4_T_le_v4SPD16_eabi.lib : boot_cortex_m.c.obj (.stack)
                  2000fe04    000001fc     --HOLE--

__llvm_prf_cnts 
*          0    20000000    00000000     UNINITIALIZED

MODULE SUMMARY

       Module                        code   ro data   rw data
       ------                        ----   -------   -------
    .\
       system_msp432p401r.obj        820    0         8      
       Lab2_main.obj                 740    0         0      
       Clock.obj                     480    0         48     
       startup_msp432p401r_ccs.obj   14     228       0      
       Init_Ports.obj                80     0         0      
    +--+-----------------------------+------+---------+---------+
       Total:                        2134   228       56     
                                                             
    C:\ti\ccs1110\ccs\tools\compiler\ti-cgt-arm_20.2.5.LTS\lib\rtsv7M4_T_le_v4SPD16_eabi.lib
       memcpy_t2.asm.obj             156    0         0      
       copy_decompress_lzss.c.obj    104    0         0      
       autoinit.c.obj                68     0         0      
       boot_cortex_m.c.obj           52     0         0      
       copy_decompress_none.c.obj    14     0         0      
       exit.c.obj                    4      0         0      
       pre_init.c.obj                4      0         0      
    +--+-----------------------------+------+---------+---------+
       Total:                        402    0         0      
                                                             
       Stack:                        0      0         1024   
       Linker Generated:             0      29        0      
    +--+-----------------------------+------+---------+---------+
       Grand Total:                  2536   257       1080   


LINKER GENERATED COPY TABLES

__TI_cinit_table @ 00000ae8 records: 1, size/record: 8, table size: 8
	.data: load addr=00000ad0, load size=0000000d bytes, run addr=20000000, run size=0000001c bytes, compression=lzss


LINKER GENERATED HANDLER TABLE

__TI_handler_table @ 00000ae0 records: 2, size/record: 4, table size: 8
	index: 0, handler: __TI_decompress_lzss
	index: 1, handler: __TI_decompress_none


GLOBAL SYMBOLS: SORTED ALPHABETICALLY BY Name 

address   name                          
-------   ----                          
00000ac3  ADC14_IRQHandler              
00000ac3  AES256_IRQHandler             
00000ac3  BusFault_Handler              
00000ac9  C$$EXIT                       
00000ac3  COMP_E0_IRQHandler            
00000ac3  COMP_E1_IRQHandler            
20000008  CPMwait                       
00000ac3  CS_IRQHandler                 
20000000  ClockFrequency                
00000851  Clock_Delay1ms                
00000827  Clock_Delay1us                
00000813  Clock_GetFreq                 
000006fd  Clock_Init48MHz               
20000014  Crystalstable                 
00000ac3  DMA_ERR_IRQHandler            
00000ac3  DMA_INT0_IRQHandler           
00000ac3  DMA_INT1_IRQHandler           
00000ac3  DMA_INT2_IRQHandler           
00000ac3  DMA_INT3_IRQHandler           
00000ac3  DebugMon_Handler              
00000ac3  Default_Handler               
00000ac3  EUSCIA0_IRQHandler            
00000ac3  EUSCIA1_IRQHandler            
00000ac3  EUSCIA2_IRQHandler            
00000ac3  EUSCIA3_IRQHandler            
00000ac3  EUSCIB0_IRQHandler            
00000ac3  EUSCIB1_IRQHandler            
00000ac3  EUSCIB2_IRQHandler            
00000ac3  EUSCIB3_IRQHandler            
00000ac3  FLCTL_IRQHandler              
00000ac3  FPU_IRQHandler                
00000ac3  HardFault_Handler             
20000010  IFlags                        
00000ac3  MemManage_Handler             
0000048d  MotorBackward                 
0000042f  MotorForward                  
00000419  MotorStop                     
00000551  MotorTurnLeft                 
000004e9  MotorTurnRight                
00000ac3  NMI_Handler                   
00000ac3  PCM_IRQHandler                
00000ac3  PORT1_IRQHandler              
00000ac3  PORT2_IRQHandler              
00000ac3  PORT3_IRQHandler              
00000ac3  PORT4_IRQHandler              
00000ac3  PORT5_IRQHandler              
00000ac3  PORT6_IRQHandler              
00000ac3  PSS_IRQHandler                
00000ac3  PendSV_Handler                
00000a1b  Port10_Init                   
000009e1  Port1_Init                    
000009e3  Port2_Init                    
000009ef  Port3_Init                    
00000a05  Port4_Init                    
00000a07  Port5_Init                    
00000a13  Port6_Init                    
00000a15  Port7_Init                    
00000a17  Port8_Init                    
00000a19  Port9_Init                    
00000a1d  PortJ_Init                    
2000000c  Postwait                      
20000004  Prewait                       
00000ac3  RTC_C_IRQHandler              
00000ab7  Reset_Handler                 
00000ac3  SVC_Handler                   
00000ac3  SysTick_Handler               
20000018  SystemCoreClock               
000000e5  SystemCoreClockUpdate         
0000035d  SystemInit                    
00000ac3  T32_INT1_IRQHandler           
00000ac3  T32_INT2_IRQHandler           
00000ac3  T32_INTC_IRQHandler           
00000ac3  TA0_0_IRQHandler              
00000ac3  TA0_N_IRQHandler              
00000ac3  TA1_0_IRQHandler              
00000ac3  TA1_N_IRQHandler              
00000ac3  TA2_0_IRQHandler              
00000ac3  TA2_N_IRQHandler              
00000ac3  TA3_0_IRQHandler              
00000ac3  TA3_N_IRQHandler              
00000ac3  UsageFault_Handler            
4000480c  WDTCTL_SYM                    
00000ac3  WDT_A_IRQHandler              
20010000  __STACK_END                   
00000200  __STACK_SIZE                  
00000ae8  __TI_CINIT_Base               
00000af0  __TI_CINIT_Limit              
00000ae0  __TI_Handler_Table_Base       
00000ae8  __TI_Handler_Table_Limit      
00000a31  __TI_auto_init_nobinit_nopinit
00000979  __TI_decompress_lzss          
00000aa9  __TI_decompress_none          
ffffffff  __TI_pprof_out_hndl           
ffffffff  __TI_prof_data_size           
ffffffff  __TI_prof_data_start          
00000000  __TI_static_base__            
000008dd  __aeabi_memcpy                
000008dd  __aeabi_memcpy4               
000008dd  __aeabi_memcpy8               
ffffffff  __binit__                     
ffffffff  __c_args__                    
UNDEFED   __mpu_init                    
2000fe00  __stack                       
20000000  __start___llvm_prf_cnts       
20000000  __stop___llvm_prf_cnts        
00000a75  _c_int00_noargs               
UNDEFED   _system_post_cinit            
00000ac5  _system_pre_init              
00000ac9  abort                         
ffffffff  binit                         
00000819  delay                         
00000000  interruptVectors              
000005b9  main                          
000008dd  memcpy                        


GLOBAL SYMBOLS: SORTED BY Symbol Address 

address   name                          
-------   ----                          
00000000  __TI_static_base__            
00000000  interruptVectors              
000000e5  SystemCoreClockUpdate         
00000200  __STACK_SIZE                  
0000035d  SystemInit                    
00000419  MotorStop                     
0000042f  MotorForward                  
0000048d  MotorBackward                 
000004e9  MotorTurnRight                
00000551  MotorTurnLeft                 
000005b9  main                          
000006fd  Clock_Init48MHz               
00000813  Clock_GetFreq                 
00000819  delay                         
00000827  Clock_Delay1us                
00000851  Clock_Delay1ms                
000008dd  __aeabi_memcpy                
000008dd  __aeabi_memcpy4               
000008dd  __aeabi_memcpy8               
000008dd  memcpy                        
00000979  __TI_decompress_lzss          
000009e1  Port1_Init                    
000009e3  Port2_Init                    
000009ef  Port3_Init                    
00000a05  Port4_Init                    
00000a07  Port5_Init                    
00000a13  Port6_Init                    
00000a15  Port7_Init                    
00000a17  Port8_Init                    
00000a19  Port9_Init                    
00000a1b  Port10_Init                   
00000a1d  PortJ_Init                    
00000a31  __TI_auto_init_nobinit_nopinit
00000a75  _c_int00_noargs               
00000aa9  __TI_decompress_none          
00000ab7  Reset_Handler                 
00000ac3  ADC14_IRQHandler              
00000ac3  AES256_IRQHandler             
00000ac3  BusFault_Handler              
00000ac3  COMP_E0_IRQHandler            
00000ac3  COMP_E1_IRQHandler            
00000ac3  CS_IRQHandler                 
00000ac3  DMA_ERR_IRQHandler            
00000ac3  DMA_INT0_IRQHandler           
00000ac3  DMA_INT1_IRQHandler           
00000ac3  DMA_INT2_IRQHandler           
00000ac3  DMA_INT3_IRQHandler           
00000ac3  DebugMon_Handler              
00000ac3  Default_Handler               
00000ac3  EUSCIA0_IRQHandler            
00000ac3  EUSCIA1_IRQHandler            
00000ac3  EUSCIA2_IRQHandler            
00000ac3  EUSCIA3_IRQHandler            
00000ac3  EUSCIB0_IRQHandler            
00000ac3  EUSCIB1_IRQHandler            
00000ac3  EUSCIB2_IRQHandler            
00000ac3  EUSCIB3_IRQHandler            
00000ac3  FLCTL_IRQHandler              
00000ac3  FPU_IRQHandler                
00000ac3  HardFault_Handler             
00000ac3  MemManage_Handler             
00000ac3  NMI_Handler                   
00000ac3  PCM_IRQHandler                
00000ac3  PORT1_IRQHandler              
00000ac3  PORT2_IRQHandler              
00000ac3  PORT3_IRQHandler              
00000ac3  PORT4_IRQHandler              
00000ac3  PORT5_IRQHandler              
00000ac3  PORT6_IRQHandler              
00000ac3  PSS_IRQHandler                
00000ac3  PendSV_Handler                
00000ac3  RTC_C_IRQHandler              
00000ac3  SVC_Handler                   
00000ac3  SysTick_Handler               
00000ac3  T32_INT1_IRQHandler           
00000ac3  T32_INT2_IRQHandler           
00000ac3  T32_INTC_IRQHandler           
00000ac3  TA0_0_IRQHandler              
00000ac3  TA0_N_IRQHandler              
00000ac3  TA1_0_IRQHandler              
00000ac3  TA1_N_IRQHandler              
00000ac3  TA2_0_IRQHandler              
00000ac3  TA2_N_IRQHandler              
00000ac3  TA3_0_IRQHandler              
00000ac3  TA3_N_IRQHandler              
00000ac3  UsageFault_Handler            
00000ac3  WDT_A_IRQHandler              
00000ac5  _system_pre_init              
00000ac9  C$$EXIT                       
00000ac9  abort                         
00000ae0  __TI_Handler_Table_Base       
00000ae8  __TI_CINIT_Base               
00000ae8  __TI_Handler_Table_Limit      
00000af0  __TI_CINIT_Limit              
20000000  ClockFrequency                
20000000  __start___llvm_prf_cnts       
20000000  __stop___llvm_prf_cnts        
20000004  Prewait                       
20000008  CPMwait                       
2000000c  Postwait                      
20000010  IFlags                        
20000014  Crystalstable                 
20000018  SystemCoreClock               
2000fe00  __stack                       
20010000  __STACK_END                   
4000480c  WDTCTL_SYM                    
ffffffff  __TI_pprof_out_hndl           
ffffffff  __TI_prof_data_size           
ffffffff  __TI_prof_data_start          
ffffffff  __binit__                     
ffffffff  __c_args__                    
ffffffff  binit                         
UNDEFED   __mpu_init                    
UNDEFED   _system_post_cinit            

[114 symbols]
