<?xml version="1.0" encoding="ISO-8859-1" ?>
<link_info>
   <banner>TI ARM Linker PC v20.2.5.LTS</banner>
   <copyright>Copyright (c) 1996-2018 Texas Instruments Incorporated</copyright>
   <link_time>0x6444abfc</link_time>
   <link_errors>0x0</link_errors>
   <output_file>HW6v2.out</output_file>
   <entry_point>
      <name>_c_int00_noargs</name>
      <address>0x2ee5</address>
   </entry_point>
   <input_file_list>
      <input_file id="fl-2">
         <path>.\</path>
         <kind>object</kind>
         <file>Clock.obj</file>
         <name>Clock.obj</name>
      </input_file>
      <input_file id="fl-3">
         <path>.\</path>
         <kind>object</kind>
         <file>CortexM.obj</file>
         <name>CortexM.obj</name>
      </input_file>
      <input_file id="fl-4">
         <path>.\</path>
         <kind>object</kind>
         <file>main.obj</file>
         <name>main.obj</name>
      </input_file>
      <input_file id="fl-5">
         <path>.\</path>
         <kind>object</kind>
         <file>startup_msp432p401r_ccs.obj</file>
         <name>startup_msp432p401r_ccs.obj</name>
      </input_file>
      <input_file id="fl-6">
         <path>.\</path>
         <kind>object</kind>
         <file>system_msp432p401r.obj</file>
         <name>system_msp432p401r.obj</name>
      </input_file>
      <input_file id="fl-a">
         <kind>object</kind>
         <file>&lt;internal&gt;</file>
         <name>&lt;internal&gt;</name>
      </input_file>
      <input_file id="fl-c0">
         <path>C:\ti\ccs1110\ccs\tools\compiler\ti-cgt-arm_20.2.5.LTS\lib\</path>
         <kind>archive</kind>
         <file>rtsv7M4_T_le_v4SPD16_eabi.lib</file>
         <name>printf.c.obj</name>
      </input_file>
      <input_file id="fl-c1">
         <path>C:\ti\ccs1110\ccs\tools\compiler\ti-cgt-arm_20.2.5.LTS\lib\</path>
         <kind>archive</kind>
         <file>rtsv7M4_T_le_v4SPD16_eabi.lib</file>
         <name>_printfi.c.obj</name>
      </input_file>
      <input_file id="fl-c2">
         <path>C:\ti\ccs1110\ccs\tools\compiler\ti-cgt-arm_20.2.5.LTS\lib\</path>
         <kind>archive</kind>
         <file>rtsv7M4_T_le_v4SPD16_eabi.lib</file>
         <name>fputc.c.obj</name>
      </input_file>
      <input_file id="fl-c3">
         <path>C:\ti\ccs1110\ccs\tools\compiler\ti-cgt-arm_20.2.5.LTS\lib\</path>
         <kind>archive</kind>
         <file>rtsv7M4_T_le_v4SPD16_eabi.lib</file>
         <name>fputs.c.obj</name>
      </input_file>
      <input_file id="fl-c4">
         <path>C:\ti\ccs1110\ccs\tools\compiler\ti-cgt-arm_20.2.5.LTS\lib\</path>
         <kind>archive</kind>
         <file>rtsv7M4_T_le_v4SPD16_eabi.lib</file>
         <name>_io_perm.c.obj</name>
      </input_file>
      <input_file id="fl-c5">
         <path>C:\ti\ccs1110\ccs\tools\compiler\ti-cgt-arm_20.2.5.LTS\lib\</path>
         <kind>archive</kind>
         <file>rtsv7M4_T_le_v4SPD16_eabi.lib</file>
         <name>setvbuf.c.obj</name>
      </input_file>
      <input_file id="fl-c6">
         <path>C:\ti\ccs1110\ccs\tools\compiler\ti-cgt-arm_20.2.5.LTS\lib\</path>
         <kind>archive</kind>
         <file>rtsv7M4_T_le_v4SPD16_eabi.lib</file>
         <name>s_frexp.c.obj</name>
      </input_file>
      <input_file id="fl-c7">
         <path>C:\ti\ccs1110\ccs\tools\compiler\ti-cgt-arm_20.2.5.LTS\lib\</path>
         <kind>archive</kind>
         <file>rtsv7M4_T_le_v4SPD16_eabi.lib</file>
         <name>s_scalbn.c.obj</name>
      </input_file>
      <input_file id="fl-c8">
         <path>C:\ti\ccs1110\ccs\tools\compiler\ti-cgt-arm_20.2.5.LTS\lib\</path>
         <kind>archive</kind>
         <file>rtsv7M4_T_le_v4SPD16_eabi.lib</file>
         <name>wcslen.c.obj</name>
      </input_file>
      <input_file id="fl-c9">
         <path>C:\ti\ccs1110\ccs\tools\compiler\ti-cgt-arm_20.2.5.LTS\lib\</path>
         <kind>archive</kind>
         <file>rtsv7M4_T_le_v4SPD16_eabi.lib</file>
         <name>fd_add_t2.asm.obj</name>
      </input_file>
      <input_file id="fl-ca">
         <path>C:\ti\ccs1110\ccs\tools\compiler\ti-cgt-arm_20.2.5.LTS\lib\</path>
         <kind>archive</kind>
         <file>rtsv7M4_T_le_v4SPD16_eabi.lib</file>
         <name>fd_cmp_t2.asm.obj</name>
      </input_file>
      <input_file id="fl-cb">
         <path>C:\ti\ccs1110\ccs\tools\compiler\ti-cgt-arm_20.2.5.LTS\lib\</path>
         <kind>archive</kind>
         <file>rtsv7M4_T_le_v4SPD16_eabi.lib</file>
         <name>fd_div_t2.asm.obj</name>
      </input_file>
      <input_file id="fl-cc">
         <path>C:\ti\ccs1110\ccs\tools\compiler\ti-cgt-arm_20.2.5.LTS\lib\</path>
         <kind>archive</kind>
         <file>rtsv7M4_T_le_v4SPD16_eabi.lib</file>
         <name>fd_mul_t2.asm.obj</name>
      </input_file>
      <input_file id="fl-cd">
         <path>C:\ti\ccs1110\ccs\tools\compiler\ti-cgt-arm_20.2.5.LTS\lib\</path>
         <kind>archive</kind>
         <file>rtsv7M4_T_le_v4SPD16_eabi.lib</file>
         <name>fd_toi_t2.asm.obj</name>
      </input_file>
      <input_file id="fl-ce">
         <path>C:\ti\ccs1110\ccs\tools\compiler\ti-cgt-arm_20.2.5.LTS\lib\</path>
         <kind>archive</kind>
         <file>rtsv7M4_T_le_v4SPD16_eabi.lib</file>
         <name>i_tofd_t2.asm.obj</name>
      </input_file>
      <input_file id="fl-cf">
         <path>C:\ti\ccs1110\ccs\tools\compiler\ti-cgt-arm_20.2.5.LTS\lib\</path>
         <kind>archive</kind>
         <file>rtsv7M4_T_le_v4SPD16_eabi.lib</file>
         <name>memcpy_t2.asm.obj</name>
      </input_file>
      <input_file id="fl-d0">
         <path>C:\ti\ccs1110\ccs\tools\compiler\ti-cgt-arm_20.2.5.LTS\lib\</path>
         <kind>archive</kind>
         <file>rtsv7M4_T_le_v4SPD16_eabi.lib</file>
         <name>ull_div_t2.asm.obj</name>
      </input_file>
      <input_file id="fl-d1">
         <path>C:\ti\ccs1110\ccs\tools\compiler\ti-cgt-arm_20.2.5.LTS\lib\</path>
         <kind>archive</kind>
         <file>rtsv7M4_T_le_v4SPD16_eabi.lib</file>
         <name>memset_t2.asm.obj</name>
      </input_file>
      <input_file id="fl-d2">
         <path>C:\ti\ccs1110\ccs\tools\compiler\ti-cgt-arm_20.2.5.LTS\lib\</path>
         <kind>archive</kind>
         <file>rtsv7M4_T_le_v4SPD16_eabi.lib</file>
         <name>copy_zero_init.c.obj</name>
      </input_file>
      <input_file id="fl-d3">
         <path>C:\ti\ccs1110\ccs\tools\compiler\ti-cgt-arm_20.2.5.LTS\lib\</path>
         <kind>archive</kind>
         <file>rtsv7M4_T_le_v4SPD16_eabi.lib</file>
         <name>copy_decompress_none.c.obj</name>
      </input_file>
      <input_file id="fl-d4">
         <path>C:\ti\ccs1110\ccs\tools\compiler\ti-cgt-arm_20.2.5.LTS\lib\</path>
         <kind>archive</kind>
         <file>rtsv7M4_T_le_v4SPD16_eabi.lib</file>
         <name>copy_decompress_lzss.c.obj</name>
      </input_file>
      <input_file id="fl-d5">
         <path>C:\ti\ccs1110\ccs\tools\compiler\ti-cgt-arm_20.2.5.LTS\lib\</path>
         <kind>archive</kind>
         <file>rtsv7M4_T_le_v4SPD16_eabi.lib</file>
         <name>exit.c.obj</name>
      </input_file>
      <input_file id="fl-d6">
         <path>C:\ti\ccs1110\ccs\tools\compiler\ti-cgt-arm_20.2.5.LTS\lib\</path>
         <kind>archive</kind>
         <file>rtsv7M4_T_le_v4SPD16_eabi.lib</file>
         <name>_lock.c.obj</name>
      </input_file>
      <input_file id="fl-d7">
         <path>C:\ti\ccs1110\ccs\tools\compiler\ti-cgt-arm_20.2.5.LTS\lib\</path>
         <kind>archive</kind>
         <file>rtsv7M4_T_le_v4SPD16_eabi.lib</file>
         <name>_ltoa.c.obj</name>
      </input_file>
      <input_file id="fl-d8">
         <path>C:\ti\ccs1110\ccs\tools\compiler\ti-cgt-arm_20.2.5.LTS\lib\</path>
         <kind>archive</kind>
         <file>rtsv7M4_T_le_v4SPD16_eabi.lib</file>
         <name>atoi.c.obj</name>
      </input_file>
      <input_file id="fl-d9">
         <path>C:\ti\ccs1110\ccs\tools\compiler\ti-cgt-arm_20.2.5.LTS\lib\</path>
         <kind>archive</kind>
         <file>rtsv7M4_T_le_v4SPD16_eabi.lib</file>
         <name>ctype.c.obj</name>
      </input_file>
      <input_file id="fl-da">
         <path>C:\ti\ccs1110\ccs\tools\compiler\ti-cgt-arm_20.2.5.LTS\lib\</path>
         <kind>archive</kind>
         <file>rtsv7M4_T_le_v4SPD16_eabi.lib</file>
         <name>defs.c.obj</name>
      </input_file>
      <input_file id="fl-db">
         <path>C:\ti\ccs1110\ccs\tools\compiler\ti-cgt-arm_20.2.5.LTS\lib\</path>
         <kind>archive</kind>
         <file>rtsv7M4_T_le_v4SPD16_eabi.lib</file>
         <name>memccpy.c.obj</name>
      </input_file>
      <input_file id="fl-dc">
         <path>C:\ti\ccs1110\ccs\tools\compiler\ti-cgt-arm_20.2.5.LTS\lib\</path>
         <kind>archive</kind>
         <file>rtsv7M4_T_le_v4SPD16_eabi.lib</file>
         <name>memchr.c.obj</name>
      </input_file>
      <input_file id="fl-dd">
         <path>C:\ti\ccs1110\ccs\tools\compiler\ti-cgt-arm_20.2.5.LTS\lib\</path>
         <kind>archive</kind>
         <file>rtsv7M4_T_le_v4SPD16_eabi.lib</file>
         <name>memory.c.obj</name>
      </input_file>
      <input_file id="fl-de">
         <path>C:\ti\ccs1110\ccs\tools\compiler\ti-cgt-arm_20.2.5.LTS\lib\</path>
         <kind>archive</kind>
         <file>rtsv7M4_T_le_v4SPD16_eabi.lib</file>
         <name>strchr.c.obj</name>
      </input_file>
      <input_file id="fl-df">
         <path>C:\ti\ccs1110\ccs\tools\compiler\ti-cgt-arm_20.2.5.LTS\lib\</path>
         <kind>archive</kind>
         <file>rtsv7M4_T_le_v4SPD16_eabi.lib</file>
         <name>strlen.c.obj</name>
      </input_file>
      <input_file id="fl-e0">
         <path>C:\ti\ccs1110\ccs\tools\compiler\ti-cgt-arm_20.2.5.LTS\lib\</path>
         <kind>archive</kind>
         <file>rtsv7M4_T_le_v4SPD16_eabi.lib</file>
         <name>errno.c.obj</name>
      </input_file>
      <input_file id="fl-e1">
         <path>C:\ti\ccs1110\ccs\tools\compiler\ti-cgt-arm_20.2.5.LTS\lib\</path>
         <kind>archive</kind>
         <file>rtsv7M4_T_le_v4SPD16_eabi.lib</file>
         <name>boot_cortex_m.c.obj</name>
      </input_file>
      <input_file id="fl-e2">
         <path>C:\ti\ccs1110\ccs\tools\compiler\ti-cgt-arm_20.2.5.LTS\lib\</path>
         <kind>archive</kind>
         <file>rtsv7M4_T_le_v4SPD16_eabi.lib</file>
         <name>write.c.obj</name>
      </input_file>
      <input_file id="fl-e3">
         <path>C:\ti\ccs1110\ccs\tools\compiler\ti-cgt-arm_20.2.5.LTS\lib\</path>
         <kind>archive</kind>
         <file>rtsv7M4_T_le_v4SPD16_eabi.lib</file>
         <name>host_device.c.obj</name>
      </input_file>
      <input_file id="fl-e4">
         <path>C:\ti\ccs1110\ccs\tools\compiler\ti-cgt-arm_20.2.5.LTS\lib\</path>
         <kind>archive</kind>
         <file>rtsv7M4_T_le_v4SPD16_eabi.lib</file>
         <name>fflush.c.obj</name>
      </input_file>
      <input_file id="fl-e5">
         <path>C:\ti\ccs1110\ccs\tools\compiler\ti-cgt-arm_20.2.5.LTS\lib\</path>
         <kind>archive</kind>
         <file>rtsv7M4_T_le_v4SPD16_eabi.lib</file>
         <name>fopen.c.obj</name>
      </input_file>
      <input_file id="fl-e6">
         <path>C:\ti\ccs1110\ccs\tools\compiler\ti-cgt-arm_20.2.5.LTS\lib\</path>
         <kind>archive</kind>
         <file>rtsv7M4_T_le_v4SPD16_eabi.lib</file>
         <name>fseek.c.obj</name>
      </input_file>
      <input_file id="fl-e7">
         <path>C:\ti\ccs1110\ccs\tools\compiler\ti-cgt-arm_20.2.5.LTS\lib\</path>
         <kind>archive</kind>
         <file>rtsv7M4_T_le_v4SPD16_eabi.lib</file>
         <name>s_copysign.c.obj</name>
      </input_file>
      <input_file id="fl-e8">
         <path>C:\ti\ccs1110\ccs\tools\compiler\ti-cgt-arm_20.2.5.LTS\lib\</path>
         <kind>archive</kind>
         <file>rtsv7M4_T_le_v4SPD16_eabi.lib</file>
         <name>div0.asm.obj</name>
      </input_file>
      <input_file id="fl-e9">
         <path>C:\ti\ccs1110\ccs\tools\compiler\ti-cgt-arm_20.2.5.LTS\lib\</path>
         <kind>archive</kind>
         <file>rtsv7M4_T_le_v4SPD16_eabi.lib</file>
         <name>autoinit.c.obj</name>
      </input_file>
      <input_file id="fl-ea">
         <path>C:\ti\ccs1110\ccs\tools\compiler\ti-cgt-arm_20.2.5.LTS\lib\</path>
         <kind>archive</kind>
         <file>rtsv7M4_T_le_v4SPD16_eabi.lib</file>
         <name>pre_init.c.obj</name>
      </input_file>
      <input_file id="fl-eb">
         <path>C:\ti\ccs1110\ccs\tools\compiler\ti-cgt-arm_20.2.5.LTS\lib\</path>
         <kind>archive</kind>
         <file>rtsv7M4_T_le_v4SPD16_eabi.lib</file>
         <name>cpy_tbl.c.obj</name>
      </input_file>
      <input_file id="fl-ec">
         <path>C:\ti\ccs1110\ccs\tools\compiler\ti-cgt-arm_20.2.5.LTS\lib\</path>
         <kind>archive</kind>
         <file>rtsv7M4_T_le_v4SPD16_eabi.lib</file>
         <name>args_main.c.obj</name>
      </input_file>
      <input_file id="fl-ed">
         <path>C:\ti\ccs1110\ccs\tools\compiler\ti-cgt-arm_20.2.5.LTS\lib\</path>
         <kind>archive</kind>
         <file>rtsv7M4_T_le_v4SPD16_eabi.lib</file>
         <name>hostclose.c.obj</name>
      </input_file>
      <input_file id="fl-ee">
         <path>C:\ti\ccs1110\ccs\tools\compiler\ti-cgt-arm_20.2.5.LTS\lib\</path>
         <kind>archive</kind>
         <file>rtsv7M4_T_le_v4SPD16_eabi.lib</file>
         <name>hostlseek.c.obj</name>
      </input_file>
      <input_file id="fl-ef">
         <path>C:\ti\ccs1110\ccs\tools\compiler\ti-cgt-arm_20.2.5.LTS\lib\</path>
         <kind>archive</kind>
         <file>rtsv7M4_T_le_v4SPD16_eabi.lib</file>
         <name>hostopen.c.obj</name>
      </input_file>
      <input_file id="fl-f0">
         <path>C:\ti\ccs1110\ccs\tools\compiler\ti-cgt-arm_20.2.5.LTS\lib\</path>
         <kind>archive</kind>
         <file>rtsv7M4_T_le_v4SPD16_eabi.lib</file>
         <name>hostread.c.obj</name>
      </input_file>
      <input_file id="fl-f1">
         <path>C:\ti\ccs1110\ccs\tools\compiler\ti-cgt-arm_20.2.5.LTS\lib\</path>
         <kind>archive</kind>
         <file>rtsv7M4_T_le_v4SPD16_eabi.lib</file>
         <name>hostrename.c.obj</name>
      </input_file>
      <input_file id="fl-f2">
         <path>C:\ti\ccs1110\ccs\tools\compiler\ti-cgt-arm_20.2.5.LTS\lib\</path>
         <kind>archive</kind>
         <file>rtsv7M4_T_le_v4SPD16_eabi.lib</file>
         <name>hostunlink.c.obj</name>
      </input_file>
      <input_file id="fl-f3">
         <path>C:\ti\ccs1110\ccs\tools\compiler\ti-cgt-arm_20.2.5.LTS\lib\</path>
         <kind>archive</kind>
         <file>rtsv7M4_T_le_v4SPD16_eabi.lib</file>
         <name>hostwrite.c.obj</name>
      </input_file>
      <input_file id="fl-f4">
         <path>C:\ti\ccs1110\ccs\tools\compiler\ti-cgt-arm_20.2.5.LTS\lib\</path>
         <kind>archive</kind>
         <file>rtsv7M4_T_le_v4SPD16_eabi.lib</file>
         <name>trgmsg.c.obj</name>
      </input_file>
      <input_file id="fl-f5">
         <path>C:\ti\ccs1110\ccs\tools\compiler\ti-cgt-arm_20.2.5.LTS\lib\</path>
         <kind>archive</kind>
         <file>rtsv7M4_T_le_v4SPD16_eabi.lib</file>
         <name>open.c.obj</name>
      </input_file>
      <input_file id="fl-f6">
         <path>C:\ti\ccs1110\ccs\tools\compiler\ti-cgt-arm_20.2.5.LTS\lib\</path>
         <kind>archive</kind>
         <file>rtsv7M4_T_le_v4SPD16_eabi.lib</file>
         <name>lseek.c.obj</name>
      </input_file>
      <input_file id="fl-f7">
         <path>C:\ti\ccs1110\ccs\tools\compiler\ti-cgt-arm_20.2.5.LTS\lib\</path>
         <kind>archive</kind>
         <file>rtsv7M4_T_le_v4SPD16_eabi.lib</file>
         <name>fclose.c.obj</name>
      </input_file>
      <input_file id="fl-f8">
         <path>C:\ti\ccs1110\ccs\tools\compiler\ti-cgt-arm_20.2.5.LTS\lib\</path>
         <kind>archive</kind>
         <file>rtsv7M4_T_le_v4SPD16_eabi.lib</file>
         <name>getdevice.c.obj</name>
      </input_file>
      <input_file id="fl-f9">
         <path>C:\ti\ccs1110\ccs\tools\compiler\ti-cgt-arm_20.2.5.LTS\lib\</path>
         <kind>archive</kind>
         <file>rtsv7M4_T_le_v4SPD16_eabi.lib</file>
         <name>strcmp.c.obj</name>
      </input_file>
      <input_file id="fl-fa">
         <path>C:\ti\ccs1110\ccs\tools\compiler\ti-cgt-arm_20.2.5.LTS\lib\</path>
         <kind>archive</kind>
         <file>rtsv7M4_T_le_v4SPD16_eabi.lib</file>
         <name>strcpy.c.obj</name>
      </input_file>
      <input_file id="fl-fb">
         <path>C:\ti\ccs1110\ccs\tools\compiler\ti-cgt-arm_20.2.5.LTS\lib\</path>
         <kind>archive</kind>
         <file>rtsv7M4_T_le_v4SPD16_eabi.lib</file>
         <name>strncpy.c.obj</name>
      </input_file>
      <input_file id="fl-fc">
         <path>C:\ti\ccs1110\ccs\tools\compiler\ti-cgt-arm_20.2.5.LTS\lib\</path>
         <kind>archive</kind>
         <file>rtsv7M4_T_le_v4SPD16_eabi.lib</file>
         <name>remove.c.obj</name>
      </input_file>
      <input_file id="fl-fd">
         <path>C:\ti\ccs1110\ccs\tools\compiler\ti-cgt-arm_20.2.5.LTS\lib\</path>
         <kind>archive</kind>
         <file>rtsv7M4_T_le_v4SPD16_eabi.lib</file>
         <name>close.c.obj</name>
      </input_file>
      <input_file id="fl-fe">
         <path>C:\ti\ccs1110\ccs\tools\compiler\ti-cgt-arm_20.2.5.LTS\lib\</path>
         <kind>archive</kind>
         <file>rtsv7M4_T_le_v4SPD16_eabi.lib</file>
         <name>unlink.c.obj</name>
      </input_file>
   </input_file_list>
   <object_component_list>
      <object_component id="oc-26">
         <name>.intvecs:retain</name>
         <load_address>0x0</load_address>
         <run_address>0x0</run_address>
         <size>0xe4</size>
         <input_file_ref idref="fl-5"/>
      </object_component>
      <object_component id="oc-134">
         <name>.text:__TI_printfi</name>
         <load_address>0xe4</load_address>
         <run_address>0xe4</run_address>
         <size>0xa4e</size>
         <input_file_ref idref="fl-c1"/>
      </object_component>
      <object_component id="oc-1cd">
         <name>.text:_nop</name>
         <load_address>0xb32</load_address>
         <run_address>0xb32</run_address>
         <size>0x2</size>
         <input_file_ref idref="fl-d6"/>
      </object_component>
      <object_component id="oc-ac">
         <name>.text</name>
         <load_address>0xb34</load_address>
         <run_address>0xb34</run_address>
         <size>0x334</size>
         <input_file_ref idref="fl-6"/>
      </object_component>
      <object_component id="oc-1a9">
         <name>.text:_pconv_a</name>
         <load_address>0xe68</load_address>
         <run_address>0xe68</run_address>
         <size>0x270</size>
         <input_file_ref idref="fl-c1"/>
      </object_component>
      <object_component id="oc-d6">
         <name>.text</name>
         <load_address>0x10d8</load_address>
         <run_address>0x10d8</run_address>
         <size>0x1e0</size>
         <input_file_ref idref="fl-2"/>
      </object_component>
      <object_component id="oc-197">
         <name>.text:_pconv_g</name>
         <load_address>0x12b8</load_address>
         <run_address>0x12b8</run_address>
         <size>0x1d0</size>
         <input_file_ref idref="fl-c1"/>
      </object_component>
      <object_component id="oc-239">
         <name>.text</name>
         <load_address>0x1488</load_address>
         <run_address>0x1488</run_address>
         <size>0x1b6</size>
         <input_file_ref idref="fl-c9"/>
      </object_component>
      <object_component id="oc-2bf">
         <name>.text</name>
         <load_address>0x163e</load_address>
         <run_address>0x163e</run_address>
         <size>0x2</size>
         <input_file_ref idref="fl-e8"/>
      </object_component>
      <object_component id="oc-9a">
         <name>.text</name>
         <load_address>0x1640</load_address>
         <run_address>0x1640</run_address>
         <size>0x158</size>
         <input_file_ref idref="fl-4"/>
      </object_component>
      <object_component id="oc-1a3">
         <name>.text:_pconv_e</name>
         <load_address>0x1798</load_address>
         <run_address>0x1798</run_address>
         <size>0x13c</size>
         <input_file_ref idref="fl-c1"/>
      </object_component>
      <object_component id="oc-21f">
         <name>.text</name>
         <load_address>0x18d4</load_address>
         <run_address>0x18d4</run_address>
         <size>0x136</size>
         <input_file_ref idref="fl-cb"/>
      </object_component>
      <object_component id="oc-24b">
         <name>.text:fcvt</name>
         <load_address>0x1a0c</load_address>
         <run_address>0x1a0c</run_address>
         <size>0x124</size>
         <input_file_ref idref="fl-c1"/>
      </object_component>
      <object_component id="oc-1db">
         <name>.text:fputs</name>
         <load_address>0x1b30</load_address>
         <run_address>0x1b30</run_address>
         <size>0x114</size>
         <input_file_ref idref="fl-c3"/>
      </object_component>
      <object_component id="oc-25f">
         <name>.text:scalbn</name>
         <load_address>0x1c44</load_address>
         <run_address>0x1c44</run_address>
         <size>0x110</size>
         <input_file_ref idref="fl-c7"/>
      </object_component>
      <object_component id="oc-36a">
         <name>.text:aligned_alloc</name>
         <load_address>0x1d54</load_address>
         <run_address>0x1d54</run_address>
         <size>0x100</size>
         <input_file_ref idref="fl-dd"/>
      </object_component>
      <object_component id="oc-21a">
         <name>.text</name>
         <load_address>0x1e54</load_address>
         <run_address>0x1e54</run_address>
         <size>0xfc</size>
         <input_file_ref idref="fl-cc"/>
      </object_component>
      <object_component id="oc-328">
         <name>.text:free</name>
         <load_address>0x1f50</load_address>
         <run_address>0x1f50</run_address>
         <size>0xe4</size>
         <input_file_ref idref="fl-dd"/>
      </object_component>
      <object_component id="oc-2fa">
         <name>.text:setvbuf</name>
         <load_address>0x2034</load_address>
         <run_address>0x2034</run_address>
         <size>0xdc</size>
         <input_file_ref idref="fl-c5"/>
      </object_component>
      <object_component id="oc-18c">
         <name>.text:_ltostr</name>
         <load_address>0x2110</load_address>
         <run_address>0x2110</run_address>
         <size>0xb1</size>
         <input_file_ref idref="fl-c1"/>
      </object_component>
      <object_component id="oc-3a">
         <name>.text</name>
         <load_address>0x21c2</load_address>
         <run_address>0x21c2</run_address>
         <size>0x9c</size>
         <input_file_ref idref="fl-cf"/>
      </object_component>
      <object_component id="oc-213">
         <name>.text</name>
         <load_address>0x225e</load_address>
         <run_address>0x225e</run_address>
         <size>0x96</size>
         <input_file_ref idref="fl-d0"/>
      </object_component>
      <object_component id="oc-1e2">
         <name>.text:fputc</name>
         <load_address>0x22f4</load_address>
         <run_address>0x22f4</run_address>
         <size>0x8c</size>
         <input_file_ref idref="fl-c2"/>
      </object_component>
      <object_component id="oc-192">
         <name>.text:__aeabi_cdcmple</name>
         <load_address>0x2380</load_address>
         <run_address>0x2380</run_address>
         <size>0x86</size>
         <input_file_ref idref="fl-ca"/>
      </object_component>
      <object_component id="oc-224">
         <name>.text:__aeabi_cdrcmple</name>
         <load_address>0x2406</load_address>
         <run_address>0x2406</run_address>
         <size>0x86</size>
         <input_file_ref idref="fl-ca"/>
      </object_component>
      <object_component id="oc-8e">
         <name>.text</name>
         <load_address>0x248c</load_address>
         <run_address>0x248c</run_address>
         <size>0x7a</size>
         <input_file_ref idref="fl-d1"/>
      </object_component>
      <object_component id="oc-371">
         <name>.text:__TI_closefile</name>
         <load_address>0x2508</load_address>
         <run_address>0x2508</run_address>
         <size>0x74</size>
         <input_file_ref idref="fl-f7"/>
      </object_component>
      <object_component id="oc-3b2">
         <name>.text:split</name>
         <load_address>0x257c</load_address>
         <run_address>0x257c</run_address>
         <size>0x70</size>
         <input_file_ref idref="fl-dd"/>
      </object_component>
      <object_component id="oc-244">
         <name>.text:_mcpy</name>
         <load_address>0x25ec</load_address>
         <run_address>0x25ec</run_address>
         <size>0x6e</size>
         <input_file_ref idref="fl-c1"/>
      </object_component>
      <object_component id="oc-3a1">
         <name>.text:HOSTrename</name>
         <load_address>0x265c</load_address>
         <run_address>0x265c</run_address>
         <size>0x6c</size>
         <input_file_ref idref="fl-f1"/>
      </object_component>
      <object_component id="oc-395">
         <name>.text:HOSTlseek</name>
         <load_address>0x26c8</load_address>
         <run_address>0x26c8</run_address>
         <size>0x68</size>
         <input_file_ref idref="fl-ee"/>
      </object_component>
      <object_component id="oc-17">
         <name>.text:decompress:lzss:__TI_decompress_lzss</name>
         <load_address>0x2730</load_address>
         <run_address>0x2730</run_address>
         <size>0x68</size>
         <input_file_ref idref="fl-d4"/>
      </object_component>
      <object_component id="oc-dc">
         <name>.text:printf</name>
         <load_address>0x2798</load_address>
         <run_address>0x2798</run_address>
         <size>0x68</size>
         <input_file_ref idref="fl-c0"/>
      </object_component>
      <object_component id="oc-259">
         <name>.text:frexp</name>
         <load_address>0x2800</load_address>
         <run_address>0x2800</run_address>
         <size>0x64</size>
         <input_file_ref idref="fl-c6"/>
      </object_component>
      <object_component id="oc-2f4">
         <name>.text:fseek</name>
         <load_address>0x2864</load_address>
         <run_address>0x2864</run_address>
         <size>0x64</size>
         <input_file_ref idref="fl-e6"/>
      </object_component>
      <object_component id="oc-290">
         <name>.text:__TI_wrt_ok</name>
         <load_address>0x28c8</load_address>
         <run_address>0x28c8</run_address>
         <size>0x62</size>
         <input_file_ref idref="fl-c4"/>
      </object_component>
      <object_component id="oc-37d">
         <name>.text:HOSTopen</name>
         <load_address>0x292c</load_address>
         <run_address>0x292c</run_address>
         <size>0x60</size>
         <input_file_ref idref="fl-ef"/>
      </object_component>
      <object_component id="oc-3b9">
         <name>.text:close</name>
         <load_address>0x298c</load_address>
         <run_address>0x298c</run_address>
         <size>0x5c</size>
         <input_file_ref idref="fl-fd"/>
      </object_component>
      <object_component id="oc-389">
         <name>.text:HOSTread</name>
         <load_address>0x29e8</load_address>
         <run_address>0x29e8</run_address>
         <size>0x58</size>
         <input_file_ref idref="fl-f0"/>
      </object_component>
      <object_component id="oc-38f">
         <name>.text:HOSTwrite</name>
         <load_address>0x2a40</load_address>
         <run_address>0x2a40</run_address>
         <size>0x58</size>
         <input_file_ref idref="fl-f3"/>
      </object_component>
      <object_component id="oc-19d">
         <name>.text:_pconv_f</name>
         <load_address>0x2a98</load_address>
         <run_address>0x2a98</run_address>
         <size>0x56</size>
         <input_file_ref idref="fl-c1"/>
      </object_component>
      <object_component id="oc-22e">
         <name>.text:__TI_ltoa</name>
         <load_address>0x2aee</load_address>
         <run_address>0x2aee</run_address>
         <size>0x54</size>
         <input_file_ref idref="fl-d7"/>
      </object_component>
      <object_component id="oc-23e">
         <name>.text:_ecpy</name>
         <load_address>0x2b42</load_address>
         <run_address>0x2b42</run_address>
         <size>0x52</size>
         <input_file_ref idref="fl-c1"/>
      </object_component>
      <object_component id="oc-29c">
         <name>.text:__TI_doflush</name>
         <load_address>0x2b94</load_address>
         <run_address>0x2b94</run_address>
         <size>0x4c</size>
         <input_file_ref idref="fl-e4"/>
      </object_component>
      <object_component id="oc-186">
         <name>.text:atoi</name>
         <load_address>0x2be0</load_address>
         <run_address>0x2be0</run_address>
         <size>0x4c</size>
         <input_file_ref idref="fl-d8"/>
      </object_component>
      <object_component id="oc-ee">
         <name>.text:exit</name>
         <load_address>0x2c2c</load_address>
         <run_address>0x2c2c</run_address>
         <size>0x48</size>
         <input_file_ref idref="fl-d5"/>
      </object_component>
      <object_component id="oc-229">
         <name>.text</name>
         <load_address>0x2c74</load_address>
         <run_address>0x2c74</run_address>
         <size>0x48</size>
         <input_file_ref idref="fl-cd"/>
      </object_component>
      <object_component id="oc-383">
         <name>.text:HOSTclose</name>
         <load_address>0x2cbc</load_address>
         <run_address>0x2cbc</run_address>
         <size>0x44</size>
         <input_file_ref idref="fl-ed"/>
      </object_component>
      <object_component id="oc-39b">
         <name>.text:HOSTunlink</name>
         <load_address>0x2d00</load_address>
         <run_address>0x2d00</run_address>
         <size>0x44</size>
         <input_file_ref idref="fl-f2"/>
      </object_component>
      <object_component id="oc-f4">
         <name>.text:__TI_auto_init_nobinit_nopinit:__TI_auto_init_nobinit_nopinit</name>
         <load_address>0x2d44</load_address>
         <run_address>0x2d44</run_address>
         <size>0x44</size>
         <input_file_ref idref="fl-e9"/>
      </object_component>
      <object_component id="oc-3f1">
         <name>.text:getdevice</name>
         <load_address>0x2d88</load_address>
         <run_address>0x2d88</run_address>
         <size>0x44</size>
         <input_file_ref idref="fl-f8"/>
      </object_component>
      <object_component id="oc-251">
         <name>.text:_fcpy</name>
         <load_address>0x2dcc</load_address>
         <run_address>0x2dcc</run_address>
         <size>0x3e</size>
         <input_file_ref idref="fl-c1"/>
      </object_component>
      <object_component id="oc-3ca">
         <name>.text:__TI_writemsg</name>
         <load_address>0x2e0c</load_address>
         <run_address>0x2e0c</run_address>
         <size>0x38</size>
         <input_file_ref idref="fl-f4"/>
      </object_component>
      <object_component id="oc-413">
         <name>.text:strncpy</name>
         <load_address>0x2e44</load_address>
         <run_address>0x2e44</run_address>
         <size>0x36</size>
         <input_file_ref idref="fl-fb"/>
      </object_component>
      <object_component id="oc-334">
         <name>.text:__TI_cleanup</name>
         <load_address>0x2e7c</load_address>
         <run_address>0x2e7c</run_address>
         <size>0x34</size>
         <input_file_ref idref="fl-e5"/>
      </object_component>
      <object_component id="oc-3d0">
         <name>.text:__TI_readmsg</name>
         <load_address>0x2eb0</load_address>
         <run_address>0x2eb0</run_address>
         <size>0x34</size>
         <input_file_ref idref="fl-f4"/>
      </object_component>
      <object_component id="oc-58">
         <name>.text:_c_int00_noargs:_c_int00_noargs</name>
         <load_address>0x2ee4</load_address>
         <run_address>0x2ee4</run_address>
         <size>0x34</size>
         <input_file_ref idref="fl-e1"/>
      </object_component>
      <object_component id="oc-419">
         <name>.text:finddevice</name>
         <load_address>0x2f18</load_address>
         <run_address>0x2f18</run_address>
         <size>0x30</size>
         <input_file_ref idref="fl-f8"/>
      </object_component>
      <object_component id="oc-234">
         <name>.text</name>
         <load_address>0x2f48</load_address>
         <run_address>0x2f48</run_address>
         <size>0x2e</size>
         <input_file_ref idref="fl-ce"/>
      </object_component>
      <object_component id="oc-3bf">
         <name>.text:unlink</name>
         <load_address>0x2f78</load_address>
         <run_address>0x2f78</run_address>
         <size>0x2c</size>
         <input_file_ref idref="fl-fe"/>
      </object_component>
      <object_component id="oc-363">
         <name>.text:free_list_insert</name>
         <load_address>0x2fa4</load_address>
         <run_address>0x2fa4</run_address>
         <size>0x28</size>
         <input_file_ref idref="fl-dd"/>
      </object_component>
      <object_component id="oc-320">
         <name>.text:lseek</name>
         <load_address>0x2fcc</load_address>
         <run_address>0x2fcc</run_address>
         <size>0x28</size>
         <input_file_ref idref="fl-f6"/>
      </object_component>
      <object_component id="oc-2a2">
         <name>.text:write</name>
         <load_address>0x2ff4</load_address>
         <run_address>0x2ff4</run_address>
         <size>0x28</size>
         <input_file_ref idref="fl-e2"/>
      </object_component>
      <object_component id="oc-296">
         <name>.text:memchr</name>
         <load_address>0x301c</load_address>
         <run_address>0x301c</run_address>
         <size>0x20</size>
         <input_file_ref idref="fl-dc"/>
      </object_component>
      <object_component id="oc-46">
         <name>.text:decompress:ZI:__TI_zero_init_nomemset:__TI_zero_init_nomemset</name>
         <load_address>0x303c</load_address>
         <run_address>0x303c</run_address>
         <size>0x1c</size>
         <input_file_ref idref="fl-d2"/>
      </object_component>
      <object_component id="oc-35d">
         <name>.text:free_list_remove</name>
         <load_address>0x3058</load_address>
         <run_address>0x3058</run_address>
         <size>0x1c</size>
         <input_file_ref idref="fl-dd"/>
      </object_component>
      <object_component id="oc-1af">
         <name>.text:memccpy</name>
         <load_address>0x3074</load_address>
         <run_address>0x3074</run_address>
         <size>0x1c</size>
         <input_file_ref idref="fl-db"/>
      </object_component>
      <object_component id="oc-2d8">
         <name>.text:copysign</name>
         <load_address>0x3090</load_address>
         <run_address>0x3090</run_address>
         <size>0x1a</size>
         <input_file_ref idref="fl-e7"/>
      </object_component>
      <object_component id="oc-430">
         <name>.text:strcmp</name>
         <load_address>0x30aa</load_address>
         <run_address>0x30aa</run_address>
         <size>0x18</size>
         <input_file_ref idref="fl-f9"/>
      </object_component>
      <object_component id="oc-265">
         <name>.text:strchr</name>
         <load_address>0x30c2</load_address>
         <run_address>0x30c2</run_address>
         <size>0x16</size>
         <input_file_ref idref="fl-de"/>
      </object_component>
      <object_component id="oc-3e4">
         <name>.text:strcpy</name>
         <load_address>0x30d8</load_address>
         <run_address>0x30d8</run_address>
         <size>0x14</size>
         <input_file_ref idref="fl-fa"/>
      </object_component>
      <object_component id="oc-180">
         <name>.text:strlen</name>
         <load_address>0x30ec</load_address>
         <run_address>0x30ec</run_address>
         <size>0x14</size>
         <input_file_ref idref="fl-df"/>
      </object_component>
      <object_component id="oc-1b5">
         <name>.text:wcslen</name>
         <load_address>0x3100</load_address>
         <run_address>0x3100</run_address>
         <size>0x12</size>
         <input_file_ref idref="fl-c8"/>
      </object_component>
      <object_component id="oc-1d">
         <name>.text:decompress:none:__TI_decompress_none</name>
         <load_address>0x3112</load_address>
         <run_address>0x3112</run_address>
         <size>0xe</size>
         <input_file_ref idref="fl-d3"/>
      </object_component>
      <object_component id="oc-6a">
         <name>.text</name>
         <load_address>0x3120</load_address>
         <run_address>0x3120</run_address>
         <size>0xe</size>
         <input_file_ref idref="fl-5"/>
      </object_component>
      <object_component id="oc-1bb">
         <name>.text:__aeabi_errno_addr</name>
         <load_address>0x3130</load_address>
         <run_address>0x3130</run_address>
         <size>0x8</size>
         <input_file_ref idref="fl-e0"/>
      </object_component>
      <object_component id="oc-32e">
         <name>.text:malloc</name>
         <load_address>0x3138</load_address>
         <run_address>0x3138</run_address>
         <size>0x8</size>
         <input_file_ref idref="fl-dd"/>
      </object_component>
      <object_component id="oc-146">
         <name>.text:_outc</name>
         <load_address>0x3140</load_address>
         <run_address>0x3140</run_address>
         <size>0x4</size>
         <input_file_ref idref="fl-c0"/>
      </object_component>
      <object_component id="oc-140">
         <name>.text:_outs</name>
         <load_address>0x3144</load_address>
         <run_address>0x3144</run_address>
         <size>0x4</size>
         <input_file_ref idref="fl-c0"/>
      </object_component>
      <object_component id="oc-94">
         <name>.text:_system_pre_init</name>
         <load_address>0x3148</load_address>
         <run_address>0x3148</run_address>
         <size>0x4</size>
         <input_file_ref idref="fl-ea"/>
      </object_component>
      <object_component id="oc-e8">
         <name>.text:abort:abort</name>
         <load_address>0x314c</load_address>
         <run_address>0x314c</run_address>
         <size>0x4</size>
         <input_file_ref idref="fl-d5"/>
      </object_component>
      <object_component id="oc-20e">
         <name>.const:.string:_ctypes_</name>
         <load_address>0x3150</load_address>
         <run_address>0x3150</run_address>
         <size>0x101</size>
         <input_file_ref idref="fl-d9"/>
      </object_component>
      <object_component id="oc-470">
         <name>.cinit..data.load</name>
         <load_address>0x3258</load_address>
         <run_address>0x3258</run_address>
         <size>0x70</size>
      </object_component>
      <object_component id="oc-46e">
         <name>__TI_handler_table</name>
         <load_address>0x32c8</load_address>
         <run_address>0x32c8</run_address>
         <size>0xc</size>
      </object_component>
      <object_component id="oc-471">
         <name>.cinit..bss.load</name>
         <load_address>0x32d8</load_address>
         <run_address>0x32d8</run_address>
         <size>0x8</size>
      </object_component>
      <object_component id="oc-46f">
         <name>__TI_cinit_table</name>
         <load_address>0x32e0</load_address>
         <run_address>0x32e0</run_address>
         <size>0x10</size>
      </object_component>
      <object_component id="oc-442">
         <name>.binit</name>
         <load_address>0x0</load_address>
         <run_address>0x0</run_address>
         <size>0x0</size>
      </object_component>
      <object_component id="oc-130">
         <name>.data</name>
         <load_address>0x200005b8</load_address>
         <run_address>0x200005b8</run_address>
         <size>0x18</size>
         <input_file_ref idref="fl-2"/>
      </object_component>
      <object_component id="oc-126">
         <name>.data</name>
         <load_address>0x20000600</load_address>
         <run_address>0x20000600</run_address>
         <size>0x4</size>
         <input_file_ref idref="fl-6"/>
      </object_component>
      <object_component id="oc-154">
         <name>.data:$O1$$</name>
         <load_address>0x200005e0</load_address>
         <run_address>0x200005e0</run_address>
         <size>0xc</size>
         <input_file_ref idref="fl-d5"/>
      </object_component>
      <object_component id="oc-13a">
         <name>.data:$O1$$</name>
         <load_address>0x200005ec</load_address>
         <run_address>0x200005ec</run_address>
         <size>0x8</size>
         <input_file_ref idref="fl-d6"/>
      </object_component>
      <object_component id="oc-13d">
         <name>.data:_ftable</name>
         <load_address>0x20000400</load_address>
         <run_address>0x20000400</run_address>
         <size>0xf0</size>
         <input_file_ref idref="fl-da"/>
      </object_component>
      <object_component id="oc-377">
         <name>.data</name>
         <load_address>0x200005d0</load_address>
         <run_address>0x200005d0</run_address>
         <size>0x10</size>
         <input_file_ref idref="fl-da"/>
      </object_component>
      <object_component id="oc-3ad">
         <name>.data:$O1$$</name>
         <load_address>0x200005f4</load_address>
         <run_address>0x200005f4</run_address>
         <size>0x8</size>
         <input_file_ref idref="fl-dd"/>
      </object_component>
      <object_component id="oc-275">
         <name>.data</name>
         <load_address>0x200005fc</load_address>
         <run_address>0x200005fc</run_address>
         <size>0x4</size>
         <input_file_ref idref="fl-e0"/>
      </object_component>
      <object_component id="oc-347">
         <name>.data:_device</name>
         <load_address>0x200004f0</load_address>
         <run_address>0x200004f0</run_address>
         <size>0x78</size>
         <input_file_ref idref="fl-e3"/>
      </object_component>
      <object_component id="oc-306">
         <name>.data:_stream</name>
         <load_address>0x20000568</load_address>
         <run_address>0x20000568</run_address>
         <size>0x50</size>
         <input_file_ref idref="fl-e3"/>
      </object_component>
      <object_component id="oc-3fb">
         <name>.bss:_CIOBUF_</name>
         <uninitialized>true</uninitialized>
         <run_address>0x20000604</run_address>
         <size>0x120</size>
         <input_file_ref idref="fl-f4"/>
      </object_component>
      <object_component id="oc-3c5">
         <name>.common:__TI_tmpnams</name>
         <uninitialized>true</uninitialized>
         <run_address>0x20000724</run_address>
         <size>0xa0</size>
      </object_component>
      <object_component id="oc-3d6">
         <name>.common:parmbuf</name>
         <uninitialized>true</uninitialized>
         <run_address>0x200007c4</run_address>
         <size>0x8</size>
      </object_component>
      <object_component id="oc-29">
         <name>.sysmem</name>
         <uninitialized>true</uninitialized>
         <run_address>0x20000000</run_address>
         <size>0x10</size>
         <input_file_ref idref="fl-dd"/>
      </object_component>
      <object_component id="oc-474">
         <name>.sysmem</name>
         <uninitialized>true</uninitialized>
         <run_address>0x20000000</run_address>
         <size>0x0</size>
      </object_component>
      <object_component id="oc-2c">
         <name>.stack</name>
         <uninitialized>true</uninitialized>
         <run_address>0x2000fe00</run_address>
         <size>0x4</size>
         <input_file_ref idref="fl-e1"/>
      </object_component>
      <object_component id="oc-473">
         <name>.stack</name>
         <uninitialized>true</uninitialized>
         <run_address>0x2000fe00</run_address>
         <size>0x0</size>
      </object_component>
      <object_component id="oc-12f">
         <name>.debug_info</name>
         <load_address>0x0</load_address>
         <run_address>0x0</run_address>
         <size>0x51d</size>
         <input_file_ref idref="fl-2"/>
      </object_component>
      <object_component id="oc-131">
         <name>.debug_info</name>
         <load_address>0x51d</load_address>
         <run_address>0x51d</run_address>
         <size>0x179</size>
         <input_file_ref idref="fl-2"/>
      </object_component>
      <object_component id="oc-d9">
         <name>.debug_info</name>
         <load_address>0x696</load_address>
         <run_address>0x696</run_address>
         <size>0x29d</size>
         <input_file_ref idref="fl-2"/>
      </object_component>
      <object_component id="oc-174">
         <name>.debug_info</name>
         <load_address>0x933</load_address>
         <run_address>0x933</run_address>
         <size>0x37e2</size>
         <input_file_ref idref="fl-2"/>
      </object_component>
      <object_component id="oc-b5">
         <name>.debug_info</name>
         <load_address>0x4115</load_address>
         <run_address>0x4115</run_address>
         <size>0x26b</size>
         <input_file_ref idref="fl-2"/>
      </object_component>
      <object_component id="oc-179">
         <name>.debug_info</name>
         <load_address>0x4380</load_address>
         <run_address>0x4380</run_address>
         <size>0x1055</size>
         <input_file_ref idref="fl-2"/>
      </object_component>
      <object_component id="oc-35">
         <name>.debug_info</name>
         <load_address>0x53d5</load_address>
         <run_address>0x53d5</run_address>
         <size>0x84</size>
         <input_file_ref idref="fl-2"/>
      </object_component>
      <object_component id="oc-12a">
         <name>.debug_info</name>
         <load_address>0x5459</load_address>
         <run_address>0x5459</run_address>
         <size>0x2a4</size>
         <input_file_ref idref="fl-2"/>
      </object_component>
      <object_component id="oc-e3">
         <name>.debug_info</name>
         <load_address>0x56fd</load_address>
         <run_address>0x56fd</run_address>
         <size>0xbb</size>
         <input_file_ref idref="fl-2"/>
      </object_component>
      <object_component id="oc-9b">
         <name>.debug_info</name>
         <load_address>0x57b8</load_address>
         <run_address>0x57b8</run_address>
         <size>0x1cb</size>
         <input_file_ref idref="fl-4"/>
      </object_component>
      <object_component id="oc-72">
         <name>.debug_info</name>
         <load_address>0x5983</load_address>
         <run_address>0x5983</run_address>
         <size>0x2bc</size>
         <input_file_ref idref="fl-5"/>
      </object_component>
      <object_component id="oc-27">
         <name>.debug_info</name>
         <load_address>0x5c3f</load_address>
         <run_address>0x5c3f</run_address>
         <size>0xe8</size>
         <input_file_ref idref="fl-5"/>
      </object_component>
      <object_component id="oc-6e">
         <name>.debug_info</name>
         <load_address>0x5d27</load_address>
         <run_address>0x5d27</run_address>
         <size>0x1af</size>
         <input_file_ref idref="fl-5"/>
      </object_component>
      <object_component id="oc-127">
         <name>.debug_info</name>
         <load_address>0x5ed6</load_address>
         <run_address>0x5ed6</run_address>
         <size>0xe1</size>
         <input_file_ref idref="fl-6"/>
      </object_component>
      <object_component id="oc-af">
         <name>.debug_info</name>
         <load_address>0x5fb7</load_address>
         <run_address>0x5fb7</run_address>
         <size>0x253</size>
         <input_file_ref idref="fl-6"/>
      </object_component>
      <object_component id="oc-14d">
         <name>.debug_info</name>
         <load_address>0x620a</load_address>
         <run_address>0x620a</run_address>
         <size>0x3e5</size>
         <input_file_ref idref="fl-c0"/>
      </object_component>
      <object_component id="oc-149">
         <name>.debug_info</name>
         <load_address>0x65ef</load_address>
         <run_address>0x65ef</run_address>
         <size>0x157</size>
         <input_file_ref idref="fl-c0"/>
      </object_component>
      <object_component id="oc-143">
         <name>.debug_info</name>
         <load_address>0x6746</load_address>
         <run_address>0x6746</run_address>
         <size>0x166</size>
         <input_file_ref idref="fl-c0"/>
      </object_component>
      <object_component id="oc-dd">
         <name>.debug_info</name>
         <load_address>0x68ac</load_address>
         <run_address>0x68ac</run_address>
         <size>0x1ac</size>
         <input_file_ref idref="fl-c0"/>
      </object_component>
      <object_component id="oc-1eb">
         <name>.debug_info</name>
         <load_address>0x6a58</load_address>
         <run_address>0x6a58</run_address>
         <size>0xb2</size>
         <input_file_ref idref="fl-c0"/>
      </object_component>
      <object_component id="oc-1f0">
         <name>.debug_info</name>
         <load_address>0x6b0a</load_address>
         <run_address>0x6b0a</run_address>
         <size>0x4e</size>
         <input_file_ref idref="fl-c0"/>
      </object_component>
      <object_component id="oc-14e">
         <name>.debug_info</name>
         <load_address>0x6b58</load_address>
         <run_address>0x6b58</run_address>
         <size>0x2c</size>
         <input_file_ref idref="fl-c0"/>
      </object_component>
      <object_component id="oc-1c2">
         <name>.debug_info</name>
         <load_address>0x6b84</load_address>
         <run_address>0x6b84</run_address>
         <size>0x590</size>
         <input_file_ref idref="fl-c1"/>
      </object_component>
      <object_component id="oc-18d">
         <name>.debug_info</name>
         <load_address>0x7114</load_address>
         <run_address>0x7114</run_address>
         <size>0x21e</size>
         <input_file_ref idref="fl-c1"/>
      </object_component>
      <object_component id="oc-240">
         <name>.debug_info</name>
         <load_address>0x7332</load_address>
         <run_address>0x7332</run_address>
         <size>0x1b3</size>
         <input_file_ref idref="fl-c1"/>
      </object_component>
      <object_component id="oc-246">
         <name>.debug_info</name>
         <load_address>0x74e5</load_address>
         <run_address>0x74e5</run_address>
         <size>0x21b</size>
         <input_file_ref idref="fl-c1"/>
      </object_component>
      <object_component id="oc-199">
         <name>.debug_info</name>
         <load_address>0x7700</load_address>
         <run_address>0x7700</run_address>
         <size>0x3c0</size>
         <input_file_ref idref="fl-c1"/>
      </object_component>
      <object_component id="oc-24d">
         <name>.debug_info</name>
         <load_address>0x7ac0</load_address>
         <run_address>0x7ac0</run_address>
         <size>0x30a</size>
         <input_file_ref idref="fl-c1"/>
      </object_component>
      <object_component id="oc-253">
         <name>.debug_info</name>
         <load_address>0x7dca</load_address>
         <run_address>0x7dca</run_address>
         <size>0x215</size>
         <input_file_ref idref="fl-c1"/>
      </object_component>
      <object_component id="oc-19f">
         <name>.debug_info</name>
         <load_address>0x7fdf</load_address>
         <run_address>0x7fdf</run_address>
         <size>0x215</size>
         <input_file_ref idref="fl-c1"/>
      </object_component>
      <object_component id="oc-1a5">
         <name>.debug_info</name>
         <load_address>0x81f4</load_address>
         <run_address>0x81f4</run_address>
         <size>0x304</size>
         <input_file_ref idref="fl-c1"/>
      </object_component>
      <object_component id="oc-1ab">
         <name>.debug_info</name>
         <load_address>0x84f8</load_address>
         <run_address>0x84f8</run_address>
         <size>0x4b5</size>
         <input_file_ref idref="fl-c1"/>
      </object_component>
      <object_component id="oc-136">
         <name>.debug_info</name>
         <load_address>0x89ad</load_address>
         <run_address>0x89ad</run_address>
         <size>0x5f4</size>
         <input_file_ref idref="fl-c1"/>
      </object_component>
      <object_component id="oc-1c3">
         <name>.debug_info</name>
         <load_address>0x8fa1</load_address>
         <run_address>0x8fa1</run_address>
         <size>0x86</size>
         <input_file_ref idref="fl-c1"/>
      </object_component>
      <object_component id="oc-281">
         <name>.debug_info</name>
         <load_address>0x9027</load_address>
         <run_address>0x9027</run_address>
         <size>0x39</size>
         <input_file_ref idref="fl-c1"/>
      </object_component>
      <object_component id="oc-2ef">
         <name>.debug_info</name>
         <load_address>0x9060</load_address>
         <run_address>0x9060</run_address>
         <size>0xb6</size>
         <input_file_ref idref="fl-c1"/>
      </object_component>
      <object_component id="oc-286">
         <name>.debug_info</name>
         <load_address>0x9116</load_address>
         <run_address>0x9116</run_address>
         <size>0x46</size>
         <input_file_ref idref="fl-c1"/>
      </object_component>
      <object_component id="oc-1c8">
         <name>.debug_info</name>
         <load_address>0x915c</load_address>
         <run_address>0x915c</run_address>
         <size>0x46</size>
         <input_file_ref idref="fl-c1"/>
      </object_component>
      <object_component id="oc-27c">
         <name>.debug_info</name>
         <load_address>0x91a2</load_address>
         <run_address>0x91a2</run_address>
         <size>0x2c</size>
         <input_file_ref idref="fl-c1"/>
      </object_component>
      <object_component id="oc-2ab">
         <name>.debug_info</name>
         <load_address>0x91ce</load_address>
         <run_address>0x91ce</run_address>
         <size>0x383</size>
         <input_file_ref idref="fl-c2"/>
      </object_component>
      <object_component id="oc-1e3">
         <name>.debug_info</name>
         <load_address>0x9551</load_address>
         <run_address>0x9551</run_address>
         <size>0x1ea</size>
         <input_file_ref idref="fl-c2"/>
      </object_component>
      <object_component id="oc-2a9">
         <name>.debug_info</name>
         <load_address>0x973b</load_address>
         <run_address>0x973b</run_address>
         <size>0x3fc</size>
         <input_file_ref idref="fl-c3"/>
      </object_component>
      <object_component id="oc-1dc">
         <name>.debug_info</name>
         <load_address>0x9b37</load_address>
         <run_address>0x9b37</run_address>
         <size>0x2e2</size>
         <input_file_ref idref="fl-c3"/>
      </object_component>
      <object_component id="oc-cd">
         <name>.debug_info</name>
         <load_address>0x9e19</load_address>
         <run_address>0x9e19</run_address>
         <size>0x2c</size>
         <input_file_ref idref="fl-c3"/>
      </object_component>
      <object_component id="oc-301">
         <name>.debug_info</name>
         <load_address>0x9e45</load_address>
         <run_address>0x9e45</run_address>
         <size>0x300</size>
         <input_file_ref idref="fl-c4"/>
      </object_component>
      <object_component id="oc-292">
         <name>.debug_info</name>
         <load_address>0xa145</load_address>
         <run_address>0xa145</run_address>
         <size>0x19c</size>
         <input_file_ref idref="fl-c4"/>
      </object_component>
      <object_component id="oc-33c">
         <name>.debug_info</name>
         <load_address>0xa2e1</load_address>
         <run_address>0xa2e1</run_address>
         <size>0xbf</size>
         <input_file_ref idref="fl-c4"/>
      </object_component>
      <object_component id="oc-33b">
         <name>.debug_info</name>
         <load_address>0xa3a0</load_address>
         <run_address>0xa3a0</run_address>
         <size>0x374</size>
         <input_file_ref idref="fl-c5"/>
      </object_component>
      <object_component id="oc-2fe">
         <name>.debug_info</name>
         <load_address>0xa714</load_address>
         <run_address>0xa714</run_address>
         <size>0x20b</size>
         <input_file_ref idref="fl-c5"/>
      </object_component>
      <object_component id="oc-2d2">
         <name>.debug_info</name>
         <load_address>0xa91f</load_address>
         <run_address>0xa91f</run_address>
         <size>0x295</size>
         <input_file_ref idref="fl-c6"/>
      </object_component>
      <object_component id="oc-25a">
         <name>.debug_info</name>
         <load_address>0xabb4</load_address>
         <run_address>0xabb4</run_address>
         <size>0x195</size>
         <input_file_ref idref="fl-c6"/>
      </object_component>
      <object_component id="oc-316">
         <name>.debug_info</name>
         <load_address>0xad49</load_address>
         <run_address>0xad49</run_address>
         <size>0x39</size>
         <input_file_ref idref="fl-c6"/>
      </object_component>
      <object_component id="oc-2d3">
         <name>.debug_info</name>
         <load_address>0xad82</load_address>
         <run_address>0xad82</run_address>
         <size>0x2c</size>
         <input_file_ref idref="fl-c6"/>
      </object_component>
      <object_component id="oc-2df">
         <name>.debug_info</name>
         <load_address>0xadae</load_address>
         <run_address>0xadae</run_address>
         <size>0x2f8</size>
         <input_file_ref idref="fl-c7"/>
      </object_component>
      <object_component id="oc-261">
         <name>.debug_info</name>
         <load_address>0xb0a6</load_address>
         <run_address>0xb0a6</run_address>
         <size>0x225</size>
         <input_file_ref idref="fl-c7"/>
      </object_component>
      <object_component id="oc-274">
         <name>.debug_info</name>
         <load_address>0xb2cb</load_address>
         <run_address>0xb2cb</run_address>
         <size>0x28f</size>
         <input_file_ref idref="fl-c8"/>
      </object_component>
      <object_component id="oc-1b8">
         <name>.debug_info</name>
         <load_address>0xb55a</load_address>
         <run_address>0xb55a</run_address>
         <size>0x15a</size>
         <input_file_ref idref="fl-c8"/>
      </object_component>
      <object_component id="oc-2e4">
         <name>.debug_info</name>
         <load_address>0xb6b4</load_address>
         <run_address>0xb6b4</run_address>
         <size>0x46</size>
         <input_file_ref idref="fl-c8"/>
      </object_component>
      <object_component id="oc-26f">
         <name>.debug_info</name>
         <load_address>0xb6fa</load_address>
         <run_address>0xb6fa</run_address>
         <size>0x39</size>
         <input_file_ref idref="fl-c8"/>
      </object_component>
      <object_component id="oc-23c">
         <name>.debug_info</name>
         <load_address>0xb733</load_address>
         <run_address>0xb733</run_address>
         <size>0x14c</size>
         <input_file_ref idref="fl-c9"/>
      </object_component>
      <object_component id="oc-193">
         <name>.debug_info</name>
         <load_address>0xb87f</load_address>
         <run_address>0xb87f</run_address>
         <size>0x128</size>
         <input_file_ref idref="fl-ca"/>
      </object_component>
      <object_component id="oc-225">
         <name>.debug_info</name>
         <load_address>0xb9a7</load_address>
         <run_address>0xb9a7</run_address>
         <size>0x12a</size>
         <input_file_ref idref="fl-ca"/>
      </object_component>
      <object_component id="oc-220">
         <name>.debug_info</name>
         <load_address>0xbad1</load_address>
         <run_address>0xbad1</run_address>
         <size>0x13a</size>
         <input_file_ref idref="fl-cb"/>
      </object_component>
      <object_component id="oc-21b">
         <name>.debug_info</name>
         <load_address>0xbc0b</load_address>
         <run_address>0xbc0b</run_address>
         <size>0x13a</size>
         <input_file_ref idref="fl-cc"/>
      </object_component>
      <object_component id="oc-22c">
         <name>.debug_info</name>
         <load_address>0xbd45</load_address>
         <run_address>0xbd45</run_address>
         <size>0x12e</size>
         <input_file_ref idref="fl-cd"/>
      </object_component>
      <object_component id="oc-235">
         <name>.debug_info</name>
         <load_address>0xbe73</load_address>
         <run_address>0xbe73</run_address>
         <size>0x12c</size>
         <input_file_ref idref="fl-ce"/>
      </object_component>
      <object_component id="oc-3c">
         <name>.debug_info</name>
         <load_address>0xbf9f</load_address>
         <run_address>0xbf9f</run_address>
         <size>0x119</size>
         <input_file_ref idref="fl-cf"/>
      </object_component>
      <object_component id="oc-215">
         <name>.debug_info</name>
         <load_address>0xc0b8</load_address>
         <run_address>0xc0b8</run_address>
         <size>0x134</size>
         <input_file_ref idref="fl-d0"/>
      </object_component>
      <object_component id="oc-90">
         <name>.debug_info</name>
         <load_address>0xc1ec</load_address>
         <run_address>0xc1ec</run_address>
         <size>0x147</size>
         <input_file_ref idref="fl-d1"/>
      </object_component>
      <object_component id="oc-8d">
         <name>.debug_info</name>
         <load_address>0xc333</load_address>
         <run_address>0xc333</run_address>
         <size>0x2d4</size>
         <input_file_ref idref="fl-d2"/>
      </object_component>
      <object_component id="oc-4a">
         <name>.debug_info</name>
         <load_address>0xc607</load_address>
         <run_address>0xc607</run_address>
         <size>0x1d2</size>
         <input_file_ref idref="fl-d2"/>
      </object_component>
      <object_component id="oc-88">
         <name>.debug_info</name>
         <load_address>0xc7d9</load_address>
         <run_address>0xc7d9</run_address>
         <size>0x46</size>
         <input_file_ref idref="fl-d2"/>
      </object_component>
      <object_component id="oc-45">
         <name>.debug_info</name>
         <load_address>0xc81f</load_address>
         <run_address>0xc81f</run_address>
         <size>0x2a8</size>
         <input_file_ref idref="fl-d3"/>
      </object_component>
      <object_component id="oc-20">
         <name>.debug_info</name>
         <load_address>0xcac7</load_address>
         <run_address>0xcac7</run_address>
         <size>0x1ea</size>
         <input_file_ref idref="fl-d3"/>
      </object_component>
      <object_component id="oc-40">
         <name>.debug_info</name>
         <load_address>0xccb1</load_address>
         <run_address>0xccb1</run_address>
         <size>0x46</size>
         <input_file_ref idref="fl-d3"/>
      </object_component>
      <object_component id="oc-80">
         <name>.debug_info</name>
         <load_address>0xccf7</load_address>
         <run_address>0xccf7</run_address>
         <size>0x2c</size>
         <input_file_ref idref="fl-d3"/>
      </object_component>
      <object_component id="oc-7e">
         <name>.debug_info</name>
         <load_address>0xcd23</load_address>
         <run_address>0xcd23</run_address>
         <size>0x29e</size>
         <input_file_ref idref="fl-d4"/>
      </object_component>
      <object_component id="oc-1a">
         <name>.debug_info</name>
         <load_address>0xcfc1</load_address>
         <run_address>0xcfc1</run_address>
         <size>0x250</size>
         <input_file_ref idref="fl-d4"/>
      </object_component>
      <object_component id="oc-30">
         <name>.debug_info</name>
         <load_address>0xd211</load_address>
         <run_address>0xd211</run_address>
         <size>0x60</size>
         <input_file_ref idref="fl-d4"/>
      </object_component>
      <object_component id="oc-c6">
         <name>.debug_info</name>
         <load_address>0xd271</load_address>
         <run_address>0xd271</run_address>
         <size>0x46</size>
         <input_file_ref idref="fl-d4"/>
      </object_component>
      <object_component id="oc-79">
         <name>.debug_info</name>
         <load_address>0xd2b7</load_address>
         <run_address>0xd2b7</run_address>
         <size>0x39</size>
         <input_file_ref idref="fl-d4"/>
      </object_component>
      <object_component id="oc-158">
         <name>.debug_info</name>
         <load_address>0xd2f0</load_address>
         <run_address>0xd2f0</run_address>
         <size>0x3ad</size>
         <input_file_ref idref="fl-d5"/>
      </object_component>
      <object_component id="oc-155">
         <name>.debug_info</name>
         <load_address>0xd69d</load_address>
         <run_address>0xd69d</run_address>
         <size>0x190</size>
         <input_file_ref idref="fl-d5"/>
      </object_component>
      <object_component id="oc-e9">
         <name>.debug_info</name>
         <load_address>0xd82d</load_address>
         <run_address>0xd82d</run_address>
         <size>0x122</size>
         <input_file_ref idref="fl-d5"/>
      </object_component>
      <object_component id="oc-ef">
         <name>.debug_info</name>
         <load_address>0xd94f</load_address>
         <run_address>0xd94f</run_address>
         <size>0x184</size>
         <input_file_ref idref="fl-d5"/>
      </object_component>
      <object_component id="oc-1d5">
         <name>.debug_info</name>
         <load_address>0xdad3</load_address>
         <run_address>0xdad3</run_address>
         <size>0x2c9</size>
         <input_file_ref idref="fl-d6"/>
      </object_component>
      <object_component id="oc-13b">
         <name>.debug_info</name>
         <load_address>0xdd9c</load_address>
         <run_address>0xdd9c</run_address>
         <size>0x11e</size>
         <input_file_ref idref="fl-d6"/>
      </object_component>
      <object_component id="oc-1ce">
         <name>.debug_info</name>
         <load_address>0xdeba</load_address>
         <run_address>0xdeba</run_address>
         <size>0x12e</size>
         <input_file_ref idref="fl-d6"/>
      </object_component>
      <object_component id="oc-2ca">
         <name>.debug_info</name>
         <load_address>0xdfe8</load_address>
         <run_address>0xdfe8</run_address>
         <size>0x29c</size>
         <input_file_ref idref="fl-d7"/>
      </object_component>
      <object_component id="oc-22f">
         <name>.debug_info</name>
         <load_address>0xe284</load_address>
         <run_address>0xe284</run_address>
         <size>0x1da</size>
         <input_file_ref idref="fl-d7"/>
      </object_component>
      <object_component id="oc-212">
         <name>.debug_info</name>
         <load_address>0xe45e</load_address>
         <run_address>0xe45e</run_address>
         <size>0x2b9</size>
         <input_file_ref idref="fl-d8"/>
      </object_component>
      <object_component id="oc-18a">
         <name>.debug_info</name>
         <load_address>0xe717</load_address>
         <run_address>0xe717</run_address>
         <size>0x17c</size>
         <input_file_ref idref="fl-d8"/>
      </object_component>
      <object_component id="oc-2bc">
         <name>.debug_info</name>
         <load_address>0xe893</load_address>
         <run_address>0xe893</run_address>
         <size>0xf9</size>
         <input_file_ref idref="fl-d9"/>
      </object_component>
      <object_component id="oc-20f">
         <name>.debug_info</name>
         <load_address>0xe98c</load_address>
         <run_address>0xe98c</run_address>
         <size>0x105</size>
         <input_file_ref idref="fl-d9"/>
      </object_component>
      <object_component id="oc-1d9">
         <name>.debug_info</name>
         <load_address>0xea91</load_address>
         <run_address>0xea91</run_address>
         <size>0x144</size>
         <input_file_ref idref="fl-da"/>
      </object_component>
      <object_component id="oc-13e">
         <name>.debug_info</name>
         <load_address>0xebd5</load_address>
         <run_address>0xebd5</run_address>
         <size>0x102</size>
         <input_file_ref idref="fl-da"/>
      </object_component>
      <object_component id="oc-378">
         <name>.debug_info</name>
         <load_address>0xecd7</load_address>
         <run_address>0xecd7</run_address>
         <size>0x18f</size>
         <input_file_ref idref="fl-da"/>
      </object_component>
      <object_component id="oc-26d">
         <name>.debug_info</name>
         <load_address>0xee66</load_address>
         <run_address>0xee66</run_address>
         <size>0x2a7</size>
         <input_file_ref idref="fl-db"/>
      </object_component>
      <object_component id="oc-1b0">
         <name>.debug_info</name>
         <load_address>0xf10d</load_address>
         <run_address>0xf10d</run_address>
         <size>0x1b8</size>
         <input_file_ref idref="fl-db"/>
      </object_component>
      <object_component id="oc-303">
         <name>.debug_info</name>
         <load_address>0xf2c5</load_address>
         <run_address>0xf2c5</run_address>
         <size>0x2a5</size>
         <input_file_ref idref="fl-dc"/>
      </object_component>
      <object_component id="oc-297">
         <name>.debug_info</name>
         <load_address>0xf56a</load_address>
         <run_address>0xf56a</run_address>
         <size>0x25d</size>
         <input_file_ref idref="fl-dc"/>
      </object_component>
      <object_component id="oc-75">
         <name>.debug_info</name>
         <load_address>0xf7c7</load_address>
         <run_address>0xf7c7</run_address>
         <size>0x3b2</size>
         <input_file_ref idref="fl-dd"/>
      </object_component>
      <object_component id="oc-2a">
         <name>.debug_info</name>
         <load_address>0xfb79</load_address>
         <run_address>0xfb79</run_address>
         <size>0x10c</size>
         <input_file_ref idref="fl-dd"/>
      </object_component>
      <object_component id="oc-3ae">
         <name>.debug_info</name>
         <load_address>0xfc85</load_address>
         <run_address>0xfc85</run_address>
         <size>0x13f</size>
         <input_file_ref idref="fl-dd"/>
      </object_component>
      <object_component id="oc-32f">
         <name>.debug_info</name>
         <load_address>0xfdc4</load_address>
         <run_address>0xfdc4</run_address>
         <size>0x168</size>
         <input_file_ref idref="fl-dd"/>
      </object_component>
      <object_component id="oc-35e">
         <name>.debug_info</name>
         <load_address>0xff2c</load_address>
         <run_address>0xff2c</run_address>
         <size>0x18e</size>
         <input_file_ref idref="fl-dd"/>
      </object_component>
      <object_component id="oc-364">
         <name>.debug_info</name>
         <load_address>0x100ba</load_address>
         <run_address>0x100ba</run_address>
         <size>0x19f</size>
         <input_file_ref idref="fl-dd"/>
      </object_component>
      <object_component id="oc-329">
         <name>.debug_info</name>
         <load_address>0x10259</load_address>
         <run_address>0x10259</run_address>
         <size>0x203</size>
         <input_file_ref idref="fl-dd"/>
      </object_component>
      <object_component id="oc-3b3">
         <name>.debug_info</name>
         <load_address>0x1045c</load_address>
         <run_address>0x1045c</run_address>
         <size>0x1db</size>
         <input_file_ref idref="fl-dd"/>
      </object_component>
      <object_component id="oc-36c">
         <name>.debug_info</name>
         <load_address>0x10637</load_address>
         <run_address>0x10637</run_address>
         <size>0x299</size>
         <input_file_ref idref="fl-dd"/>
      </object_component>
      <object_component id="oc-c1">
         <name>.debug_info</name>
         <load_address>0x108d0</load_address>
         <run_address>0x108d0</run_address>
         <size>0xb2</size>
         <input_file_ref idref="fl-dd"/>
      </object_component>
      <object_component id="oc-bc">
         <name>.debug_info</name>
         <load_address>0x10982</load_address>
         <run_address>0x10982</run_address>
         <size>0x2c</size>
         <input_file_ref idref="fl-dd"/>
      </object_component>
      <object_component id="oc-2e1">
         <name>.debug_info</name>
         <load_address>0x109ae</load_address>
         <run_address>0x109ae</run_address>
         <size>0x29a</size>
         <input_file_ref idref="fl-de"/>
      </object_component>
      <object_component id="oc-266">
         <name>.debug_info</name>
         <load_address>0x10c48</load_address>
         <run_address>0x10c48</run_address>
         <size>0x262</size>
         <input_file_ref idref="fl-de"/>
      </object_component>
      <object_component id="oc-20d">
         <name>.debug_info</name>
         <load_address>0x10eaa</load_address>
         <run_address>0x10eaa</run_address>
         <size>0x28f</size>
         <input_file_ref idref="fl-df"/>
      </object_component>
      <object_component id="oc-183">
         <name>.debug_info</name>
         <load_address>0x11139</load_address>
         <run_address>0x11139</run_address>
         <size>0x245</size>
         <input_file_ref idref="fl-df"/>
      </object_component>
      <object_component id="oc-279">
         <name>.debug_info</name>
         <load_address>0x1137e</load_address>
         <run_address>0x1137e</run_address>
         <size>0x289</size>
         <input_file_ref idref="fl-e0"/>
      </object_component>
      <object_component id="oc-276">
         <name>.debug_info</name>
         <load_address>0x11607</load_address>
         <run_address>0x11607</run_address>
         <size>0x10e</size>
         <input_file_ref idref="fl-e0"/>
      </object_component>
      <object_component id="oc-1bd">
         <name>.debug_info</name>
         <load_address>0x11715</load_address>
         <run_address>0x11715</run_address>
         <size>0x14e</size>
         <input_file_ref idref="fl-e0"/>
      </object_component>
      <object_component id="oc-2d">
         <name>.debug_info</name>
         <load_address>0x11863</load_address>
         <run_address>0x11863</run_address>
         <size>0x10b</size>
         <input_file_ref idref="fl-e1"/>
      </object_component>
      <object_component id="oc-5c">
         <name>.debug_info</name>
         <load_address>0x1196e</load_address>
         <run_address>0x1196e</run_address>
         <size>0x1a9</size>
         <input_file_ref idref="fl-e1"/>
      </object_component>
      <object_component id="oc-30a">
         <name>.debug_info</name>
         <load_address>0x11b17</load_address>
         <run_address>0x11b17</run_address>
         <size>0x397</size>
         <input_file_ref idref="fl-e2"/>
      </object_component>
      <object_component id="oc-2a3">
         <name>.debug_info</name>
         <load_address>0x11eae</load_address>
         <run_address>0x11eae</run_address>
         <size>0x18f</size>
         <input_file_ref idref="fl-e2"/>
      </object_component>
      <object_component id="oc-34f">
         <name>.debug_info</name>
         <load_address>0x1203d</load_address>
         <run_address>0x1203d</run_address>
         <size>0x120</size>
         <input_file_ref idref="fl-e2"/>
      </object_component>
      <object_component id="oc-354">
         <name>.debug_info</name>
         <load_address>0x1215d</load_address>
         <run_address>0x1215d</run_address>
         <size>0x2c</size>
         <input_file_ref idref="fl-e2"/>
      </object_component>
      <object_component id="oc-34c">
         <name>.debug_info</name>
         <load_address>0x12189</load_address>
         <run_address>0x12189</run_address>
         <size>0x337</size>
         <input_file_ref idref="fl-e3"/>
      </object_component>
      <object_component id="oc-348">
         <name>.debug_info</name>
         <load_address>0x124c0</load_address>
         <run_address>0x124c0</run_address>
         <size>0x109</size>
         <input_file_ref idref="fl-e3"/>
      </object_component>
      <object_component id="oc-307">
         <name>.debug_info</name>
         <load_address>0x125c9</load_address>
         <run_address>0x125c9</run_address>
         <size>0x109</size>
         <input_file_ref idref="fl-e3"/>
      </object_component>
      <object_component id="oc-305">
         <name>.debug_info</name>
         <load_address>0x126d2</load_address>
         <run_address>0x126d2</run_address>
         <size>0x347</size>
         <input_file_ref idref="fl-e4"/>
      </object_component>
      <object_component id="oc-29e">
         <name>.debug_info</name>
         <load_address>0x12a19</load_address>
         <run_address>0x12a19</run_address>
         <size>0x18a</size>
         <input_file_ref idref="fl-e4"/>
      </object_component>
      <object_component id="oc-336">
         <name>.debug_info</name>
         <load_address>0x12ba3</load_address>
         <run_address>0x12ba3</run_address>
         <size>0x176</size>
         <input_file_ref idref="fl-e5"/>
      </object_component>
      <object_component id="oc-327">
         <name>.debug_info</name>
         <load_address>0x12d19</load_address>
         <run_address>0x12d19</run_address>
         <size>0x324</size>
         <input_file_ref idref="fl-e6"/>
      </object_component>
      <object_component id="oc-2f5">
         <name>.debug_info</name>
         <load_address>0x1303d</load_address>
         <run_address>0x1303d</run_address>
         <size>0x1ec</size>
         <input_file_ref idref="fl-e6"/>
      </object_component>
      <object_component id="oc-2d9">
         <name>.debug_info</name>
         <load_address>0x13229</load_address>
         <run_address>0x13229</run_address>
         <size>0x161</size>
         <input_file_ref idref="fl-e7"/>
      </object_component>
      <object_component id="oc-2c2">
         <name>.debug_info</name>
         <load_address>0x1338a</load_address>
         <run_address>0x1338a</run_address>
         <size>0x115</size>
         <input_file_ref idref="fl-e8"/>
[...]
         <name>__aeabi_cdcmple</name>
         <value>0x2381</value>
         <object_component_ref idref="oc-192"/>
      </symbol>
      <symbol id="sm-3bb">
         <name>__aeabi_cdrcmple</name>
         <value>0x2407</value>
         <object_component_ref idref="oc-224"/>
      </symbol>
      <symbol id="sm-3cf">
         <name>__aeabi_ddiv</name>
         <value>0x18d5</value>
         <object_component_ref idref="oc-21f"/>
      </symbol>
      <symbol id="sm-3da">
         <name>__aeabi_dmul</name>
         <value>0x1e55</value>
         <object_component_ref idref="oc-21a"/>
      </symbol>
      <symbol id="sm-3e4">
         <name>__aeabi_d2iz</name>
         <value>0x2c75</value>
         <object_component_ref idref="oc-229"/>
      </symbol>
      <symbol id="sm-3ee">
         <name>__aeabi_i2d</name>
         <value>0x2f49</value>
         <object_component_ref idref="oc-234"/>
      </symbol>
      <symbol id="sm-409">
         <name>memcpy</name>
         <value>0x21c3</value>
         <object_component_ref idref="oc-3a"/>
      </symbol>
      <symbol id="sm-40a">
         <name>__aeabi_memcpy</name>
         <value>0x21c3</value>
         <object_component_ref idref="oc-3a"/>
      </symbol>
      <symbol id="sm-40b">
         <name>__aeabi_memcpy8</name>
         <value>0x21c3</value>
         <object_component_ref idref="oc-3a"/>
      </symbol>
      <symbol id="sm-40c">
         <name>__aeabi_memcpy4</name>
         <value>0x21c3</value>
         <object_component_ref idref="oc-3a"/>
      </symbol>
      <symbol id="sm-419">
         <name>__aeabi_uldivmod</name>
         <value>0x225f</value>
         <object_component_ref idref="oc-213"/>
      </symbol>
      <symbol id="sm-428">
         <name>__aeabi_memset</name>
         <value>0x248f</value>
         <object_component_ref idref="oc-8e"/>
      </symbol>
      <symbol id="sm-429">
         <name>memset</name>
         <value>0x2495</value>
         <object_component_ref idref="oc-8e"/>
      </symbol>
      <symbol id="sm-42a">
         <name>__aeabi_memset8</name>
         <value>0x248f</value>
         <object_component_ref idref="oc-8e"/>
      </symbol>
      <symbol id="sm-42b">
         <name>__aeabi_memset4</name>
         <value>0x248f</value>
         <object_component_ref idref="oc-8e"/>
      </symbol>
      <symbol id="sm-42c">
         <name>__aeabi_memclr8</name>
         <value>0x248d</value>
         <object_component_ref idref="oc-8e"/>
      </symbol>
      <symbol id="sm-42d">
         <name>__aeabi_memclr4</name>
         <value>0x248d</value>
         <object_component_ref idref="oc-8e"/>
      </symbol>
      <symbol id="sm-42e">
         <name>__aeabi_memclr</name>
         <value>0x248d</value>
         <object_component_ref idref="oc-8e"/>
      </symbol>
      <symbol id="sm-442">
         <name>__TI_zero_init_nomemset</name>
         <value>0x303d</value>
         <object_component_ref idref="oc-46"/>
      </symbol>
      <symbol id="sm-459">
         <name>__TI_decompress_none</name>
         <value>0x3113</value>
         <object_component_ref idref="oc-1d"/>
      </symbol>
      <symbol id="sm-47c">
         <name>__TI_decompress_lzss</name>
         <value>0x2731</value>
         <object_component_ref idref="oc-17"/>
      </symbol>
      <symbol id="sm-4a2">
         <name>C$$EXIT</name>
         <value>0x314d</value>
         <object_component_ref idref="oc-e8"/>
      </symbol>
      <symbol id="sm-4a3">
         <name>abort</name>
         <value>0x314d</value>
         <object_component_ref idref="oc-e8"/>
      </symbol>
      <symbol id="sm-4a4">
         <name>__TI_dtors_ptr</name>
         <value>0x200005e4</value>
         <object_component_ref idref="oc-154"/>
      </symbol>
      <symbol id="sm-4a5">
         <name>__TI_cleanup_ptr</name>
         <value>0x200005e0</value>
         <object_component_ref idref="oc-154"/>
      </symbol>
      <symbol id="sm-4a6">
         <name>__TI_enable_exit_profile_output</name>
         <value>0x200005e8</value>
         <object_component_ref idref="oc-154"/>
      </symbol>
      <symbol id="sm-4a7">
         <name>exit</name>
         <value>0x2c2d</value>
         <object_component_ref idref="oc-ee"/>
      </symbol>
      <symbol id="sm-4bc">
         <name>_nop</name>
         <value>0xb33</value>
         <object_component_ref idref="oc-1cd"/>
      </symbol>
      <symbol id="sm-4bd">
         <name>_lock</name>
         <value>0x200005ec</value>
         <object_component_ref idref="oc-13a"/>
      </symbol>
      <symbol id="sm-4be">
         <name>_unlock</name>
         <value>0x200005f0</value>
         <object_component_ref idref="oc-13a"/>
      </symbol>
      <symbol id="sm-4cd">
         <name>__TI_ltoa</name>
         <value>0x2aef</value>
         <object_component_ref idref="oc-22e"/>
      </symbol>
      <symbol id="sm-4e3">
         <name>atoi</name>
         <value>0x2be1</value>
         <object_component_ref idref="oc-186"/>
      </symbol>
      <symbol id="sm-4ee">
         <name>_ctypes_</name>
         <value>0x3150</value>
         <object_component_ref idref="oc-20e"/>
      </symbol>
      <symbol id="sm-503">
         <name>__TI_tmpnams</name>
         <value>0x20000724</value>
      </symbol>
      <symbol id="sm-504">
         <name>__aeabi_stdout</name>
         <value>0x200005d8</value>
         <object_component_ref idref="oc-377"/>
      </symbol>
      <symbol id="sm-505">
         <name>__aeabi_stderr</name>
         <value>0x200005dc</value>
         <object_component_ref idref="oc-377"/>
      </symbol>
      <symbol id="sm-506">
         <name>__aeabi_stdin</name>
         <value>0x200005d4</value>
         <object_component_ref idref="oc-377"/>
      </symbol>
      <symbol id="sm-507">
         <name>_ftable</name>
         <value>0x20000400</value>
         <object_component_ref idref="oc-13d"/>
      </symbol>
      <symbol id="sm-508">
         <name>__TI_ft_end</name>
         <value>0x200005d0</value>
         <object_component_ref idref="oc-377"/>
      </symbol>
      <symbol id="sm-518">
         <name>memccpy</name>
         <value>0x3075</value>
         <object_component_ref idref="oc-1af"/>
      </symbol>
      <symbol id="sm-528">
         <name>memchr</name>
         <value>0x301d</value>
         <object_component_ref idref="oc-296"/>
      </symbol>
      <symbol id="sm-5b1">
         <name>_sys_memory</name>
         <value>0x20000000</value>
         <object_component_ref idref="oc-29"/>
      </symbol>
      <symbol id="sm-5b2">
         <name>free</name>
         <value>0x1f51</value>
         <object_component_ref idref="oc-328"/>
      </symbol>
      <symbol id="sm-5b3">
         <name>memalign</name>
         <value>0x1d55</value>
         <object_component_ref idref="oc-36a"/>
      </symbol>
      <symbol id="sm-5b4">
         <name>malloc</name>
         <value>0x3139</value>
         <object_component_ref idref="oc-32e"/>
      </symbol>
      <symbol id="sm-5b5">
         <name>aligned_alloc</name>
         <value>0x1d55</value>
         <object_component_ref idref="oc-36a"/>
      </symbol>
      <symbol id="sm-5c5">
         <name>strchr</name>
         <value>0x30c3</value>
         <object_component_ref idref="oc-265"/>
      </symbol>
      <symbol id="sm-5d3">
         <name>strlen</name>
         <value>0x30ed</value>
         <object_component_ref idref="oc-180"/>
      </symbol>
      <symbol id="sm-5e9">
         <name>__aeabi_errno_addr</name>
         <value>0x3131</value>
         <object_component_ref idref="oc-1bb"/>
      </symbol>
      <symbol id="sm-5ea">
         <name>errno</name>
         <value>0x200005fc</value>
         <object_component_ref idref="oc-275"/>
      </symbol>
      <symbol id="sm-5fd">
         <name>__stack</name>
         <value>0x2000fe00</value>
         <object_component_ref idref="oc-2c"/>
      </symbol>
      <symbol id="sm-5fe">
         <name>_c_int00_noargs</name>
         <value>0x2ee5</value>
         <object_component_ref idref="oc-58"/>
      </symbol>
      <symbol id="sm-618">
         <name>write</name>
         <value>0x2ff5</value>
         <object_component_ref idref="oc-2a2"/>
      </symbol>
      <symbol id="sm-629">
         <name>_stream</name>
         <value>0x20000568</value>
         <object_component_ref idref="oc-306"/>
      </symbol>
      <symbol id="sm-62a">
         <name>_device</name>
         <value>0x200004f0</value>
         <object_component_ref idref="oc-347"/>
      </symbol>
      <symbol id="sm-63a">
         <name>__TI_doflush</name>
         <value>0x2b95</value>
         <object_component_ref idref="oc-29c"/>
      </symbol>
      <symbol id="sm-64a">
         <name>__TI_cleanup</name>
         <value>0x2e7d</value>
         <object_component_ref idref="oc-334"/>
      </symbol>
      <symbol id="sm-65c">
         <name>fseek</name>
         <value>0x2865</value>
         <object_component_ref idref="oc-2f4"/>
      </symbol>
      <symbol id="sm-666">
         <name>copysign</name>
         <value>0x3091</value>
         <object_component_ref idref="oc-2d8"/>
      </symbol>
      <symbol id="sm-667">
         <name>copysignl</name>
         <value>0x3091</value>
         <object_component_ref idref="oc-2d8"/>
      </symbol>
      <symbol id="sm-671">
         <name>__aeabi_idiv0</name>
         <value>0x163f</value>
         <object_component_ref idref="oc-2bf"/>
      </symbol>
      <symbol id="sm-672">
         <name>__aeabi_ldiv0</name>
         <value>0x163f</value>
         <object_component_ref idref="oc-2bf"/>
      </symbol>
      <symbol id="sm-69a">
         <name>__TI_auto_init_nobinit_nopinit</name>
         <value>0x2d45</value>
         <object_component_ref idref="oc-f4"/>
      </symbol>
      <symbol id="sm-6a4">
         <name>_system_pre_init</name>
         <value>0x3149</value>
         <object_component_ref idref="oc-94"/>
      </symbol>
      <symbol id="sm-6b7">
         <name>HOSTclose</name>
         <value>0x2cbd</value>
         <object_component_ref idref="oc-383"/>
      </symbol>
      <symbol id="sm-6c8">
         <name>HOSTlseek</name>
         <value>0x26c9</value>
         <object_component_ref idref="oc-395"/>
      </symbol>
      <symbol id="sm-6da">
         <name>parmbuf</name>
         <value>0x200007c4</value>
      </symbol>
      <symbol id="sm-6db">
         <name>HOSTopen</name>
         <value>0x292d</value>
         <object_component_ref idref="oc-37d"/>
      </symbol>
      <symbol id="sm-6ec">
         <name>HOSTread</name>
         <value>0x29e9</value>
         <object_component_ref idref="oc-389"/>
      </symbol>
      <symbol id="sm-6fd">
         <name>HOSTrename</name>
         <value>0x265d</value>
         <object_component_ref idref="oc-3a1"/>
      </symbol>
      <symbol id="sm-70e">
         <name>HOSTunlink</name>
         <value>0x2d01</value>
         <object_component_ref idref="oc-39b"/>
      </symbol>
      <symbol id="sm-71f">
         <name>HOSTwrite</name>
         <value>0x2a41</value>
         <object_component_ref idref="oc-38f"/>
      </symbol>
      <symbol id="sm-743">
         <name>__TI_readmsg</name>
         <value>0x2eb1</value>
         <object_component_ref idref="oc-3d0"/>
      </symbol>
      <symbol id="sm-744">
         <name>C$$IO$$</name>
         <value>0x2e3b</value>
         <object_component_ref idref="oc-3ca"/>
      </symbol>
      <symbol id="sm-745">
         <name>__CIOBUF_</name>
         <value>0x20000604</value>
         <object_component_ref idref="oc-3fb"/>
      </symbol>
      <symbol id="sm-746">
         <name>__TI_writemsg</name>
         <value>0x2e0d</value>
         <object_component_ref idref="oc-3ca"/>
      </symbol>
      <symbol id="sm-757">
         <name>lseek</name>
         <value>0x2fcd</value>
         <object_component_ref idref="oc-320"/>
      </symbol>
      <symbol id="sm-76c">
         <name>__TI_closefile</name>
         <value>0x2509</value>
         <object_component_ref idref="oc-371"/>
      </symbol>
      <symbol id="sm-78f">
         <name>finddevice</name>
         <value>0x2f19</value>
         <object_component_ref idref="oc-419"/>
      </symbol>
      <symbol id="sm-790">
         <name>getdevice</name>
         <value>0x2d89</value>
         <object_component_ref idref="oc-3f1"/>
      </symbol>
      <symbol id="sm-79f">
         <name>strcmp</name>
         <value>0x30ab</value>
         <object_component_ref idref="oc-430"/>
      </symbol>
      <symbol id="sm-7ad">
         <name>strcpy</name>
         <value>0x30d9</value>
         <object_component_ref idref="oc-3e4"/>
      </symbol>
      <symbol id="sm-7bd">
         <name>strncpy</name>
         <value>0x2e45</value>
         <object_component_ref idref="oc-413"/>
      </symbol>
      <symbol id="sm-7d2">
         <name>close</name>
         <value>0x298d</value>
         <object_component_ref idref="oc-3b9"/>
      </symbol>
      <symbol id="sm-7e2">
         <name>unlink</name>
         <value>0x2f79</value>
         <object_component_ref idref="oc-3bf"/>
      </symbol>
      <symbol id="sm-7e3">
         <name>__TI_static_base__</name>
         <value>0x0</value>
      </symbol>
      <symbol id="sm-7e6">
         <name>__mpu_init</name>
         <value>0x0</value>
      </symbol>
      <symbol id="sm-7e7">
         <name>_system_post_cinit</name>
         <value>0x0</value>
      </symbol>
      <symbol id="sm-7e8">
         <name>NMI_Handler</name>
         <value>0x312d</value>
      </symbol>
      <symbol id="sm-7e9">
         <name>HardFault_Handler</name>
         <value>0x312d</value>
      </symbol>
      <symbol id="sm-7ea">
         <name>MemManage_Handler</name>
         <value>0x312d</value>
      </symbol>
      <symbol id="sm-7eb">
         <name>BusFault_Handler</name>
         <value>0x312d</value>
      </symbol>
      <symbol id="sm-7ec">
         <name>UsageFault_Handler</name>
         <value>0x312d</value>
      </symbol>
      <symbol id="sm-7ed">
         <name>SVC_Handler</name>
         <value>0x312d</value>
      </symbol>
      <symbol id="sm-7ee">
         <name>DebugMon_Handler</name>
         <value>0x312d</value>
      </symbol>
      <symbol id="sm-7ef">
         <name>PendSV_Handler</name>
         <value>0x312d</value>
      </symbol>
      <symbol id="sm-7f0">
         <name>SysTick_Handler</name>
         <value>0x312d</value>
      </symbol>
      <symbol id="sm-7f1">
         <name>PSS_IRQHandler</name>
         <value>0x312d</value>
      </symbol>
      <symbol id="sm-7f2">
         <name>CS_IRQHandler</name>
         <value>0x312d</value>
      </symbol>
      <symbol id="sm-7f3">
         <name>PCM_IRQHandler</name>
         <value>0x312d</value>
      </symbol>
      <symbol id="sm-7f4">
         <name>WDT_A_IRQHandler</name>
         <value>0x312d</value>
      </symbol>
      <symbol id="sm-7f5">
         <name>FPU_IRQHandler</name>
         <value>0x312d</value>
      </symbol>
      <symbol id="sm-7f6">
         <name>FLCTL_IRQHandler</name>
         <value>0x312d</value>
      </symbol>
      <symbol id="sm-7f7">
         <name>COMP_E0_IRQHandler</name>
         <value>0x312d</value>
      </symbol>
      <symbol id="sm-7f8">
         <name>COMP_E1_IRQHandler</name>
         <value>0x312d</value>
      </symbol>
      <symbol id="sm-7f9">
         <name>TA0_0_IRQHandler</name>
         <value>0x312d</value>
      </symbol>
      <symbol id="sm-7fa">
         <name>TA0_N_IRQHandler</name>
         <value>0x312d</value>
      </symbol>
      <symbol id="sm-7fb">
         <name>TA1_0_IRQHandler</name>
         <value>0x312d</value>
      </symbol>
      <symbol id="sm-7fc">
         <name>TA1_N_IRQHandler</name>
         <value>0x312d</value>
      </symbol>
      <symbol id="sm-7fd">
         <name>TA2_0_IRQHandler</name>
         <value>0x312d</value>
      </symbol>
      <symbol id="sm-7fe">
         <name>TA2_N_IRQHandler</name>
         <value>0x312d</value>
      </symbol>
      <symbol id="sm-7ff">
         <name>TA3_0_IRQHandler</name>
         <value>0x312d</value>
      </symbol>
      <symbol id="sm-800">
         <name>TA3_N_IRQHandler</name>
         <value>0x312d</value>
      </symbol>
      <symbol id="sm-801">
         <name>EUSCIA0_IRQHandler</name>
         <value>0x312d</value>
      </symbol>
      <symbol id="sm-802">
         <name>EUSCIA1_IRQHandler</name>
         <value>0x312d</value>
      </symbol>
      <symbol id="sm-803">
         <name>EUSCIA2_IRQHandler</name>
         <value>0x312d</value>
      </symbol>
      <symbol id="sm-804">
         <name>EUSCIA3_IRQHandler</name>
         <value>0x312d</value>
      </symbol>
      <symbol id="sm-805">
         <name>EUSCIB0_IRQHandler</name>
         <value>0x312d</value>
      </symbol>
      <symbol id="sm-806">
         <name>EUSCIB1_IRQHandler</name>
         <value>0x312d</value>
      </symbol>
      <symbol id="sm-807">
         <name>EUSCIB2_IRQHandler</name>
         <value>0x312d</value>
      </symbol>
      <symbol id="sm-808">
         <name>EUSCIB3_IRQHandler</name>
         <value>0x312d</value>
      </symbol>
      <symbol id="sm-809">
         <name>ADC14_IRQHandler</name>
         <value>0x312d</value>
      </symbol>
      <symbol id="sm-80a">
         <name>T32_INT1_IRQHandler</name>
         <value>0x312d</value>
      </symbol>
      <symbol id="sm-80b">
         <name>T32_INT2_IRQHandler</name>
         <value>0x312d</value>
      </symbol>
      <symbol id="sm-80c">
         <name>T32_INTC_IRQHandler</name>
         <value>0x312d</value>
      </symbol>
      <symbol id="sm-80d">
         <name>AES256_IRQHandler</name>
         <value>0x312d</value>
      </symbol>
      <symbol id="sm-80e">
         <name>RTC_C_IRQHandler</name>
         <value>0x312d</value>
      </symbol>
      <symbol id="sm-80f">
         <name>DMA_ERR_IRQHandler</name>
         <value>0x312d</value>
      </symbol>
      <symbol id="sm-810">
         <name>DMA_INT3_IRQHandler</name>
         <value>0x312d</value>
      </symbol>
      <symbol id="sm-811">
         <name>DMA_INT2_IRQHandler</name>
         <value>0x312d</value>
      </symbol>
      <symbol id="sm-812">
         <name>DMA_INT1_IRQHandler</name>
         <value>0x312d</value>
      </symbol>
      <symbol id="sm-813">
         <name>DMA_INT0_IRQHandler</name>
         <value>0x312d</value>
      </symbol>
      <symbol id="sm-814">
         <name>PORT1_IRQHandler</name>
         <value>0x312d</value>
      </symbol>
      <symbol id="sm-815">
         <name>PORT2_IRQHandler</name>
         <value>0x312d</value>
      </symbol>
      <symbol id="sm-816">
         <name>PORT3_IRQHandler</name>
         <value>0x312d</value>
      </symbol>
      <symbol id="sm-817">
         <name>PORT4_IRQHandler</name>
         <value>0x312d</value>
      </symbol>
      <symbol id="sm-818">
         <name>PORT5_IRQHandler</name>
         <value>0x312d</value>
      </symbol>
      <symbol id="sm-819">
         <name>PORT6_IRQHandler</name>
         <value>0x312d</value>
      </symbol>
      <symbol id="sm-81a">
         <name>remove</name>
         <value>0x2f79</value>
      </symbol>
   </symbol_table>
   <title>Link successful</title>
</link_info>
