******************************************************************************
                  TI ARM Linker PC v20.2.5                     
******************************************************************************
>> Linked Sun Mar 19 22:38:55 2023

OUTPUT FILE NAME:   <HW4.out>
ENTRY POINT SYMBOL: "_c_int00_noargs"  address: 00000945


MEMORY CONFIGURATION

         name            origin    length      used     unused   attr    fill
----------------------  --------  ---------  --------  --------  ----  --------
  MAIN                  00000000   00040000  00000a42  0003f5be  R  X
  INFO                  00200000   00004000  00000000  00004000  R  X
  SRAM_CODE             01000000   00010000  00000229  0000fdd7  RW X
  SRAM_DATA             20000000   00010000  00000229  0000fdd7  RW  


SEGMENT ALLOCATION MAP

run origin  load origin   length   init length attrs members
----------  ----------- ---------- ----------- ----- -------
00000000    00000000    00000a48   00000a48    r-x
  00000000    00000000    000000e4   000000e4    r-- .intvecs
  000000e4    000000e4    00000936   00000936    r-x .text
  00000a20    00000a20    00000028   00000028    r-- .cinit
20000000    20000000    00000029   00000000    rw-
  20000000    20000000    00000029   00000000    rw- .data
2000fe00    2000fe00    00000200   00000000    rw-
  2000fe00    2000fe00    00000200   00000000    rw- .stack


SECTION ALLOCATION MAP

 output                                  attributes/
section   page    origin      length       input sections
--------  ----  ----------  ----------   ----------------
.intvecs   0    00000000    000000e4     
                  00000000    000000e4     startup_msp432p401r_ccs.obj (.intvecs:retain)

.text      0    000000e4    00000936     
                  000000e4    00000334     system_msp432p401r.obj (.text)
                  00000418    000001e0     Clock.obj (.text)
                  000005f8    00000180     main.obj (.text)
                  00000778    0000009c     rtsv7M4_T_le_v4SPD16_eabi.lib : memcpy_t2.asm.obj (.text)
                  00000814    00000084     Init_Ports.obj (.text)
                  00000898    00000068     rtsv7M4_T_le_v4SPD16_eabi.lib : copy_decompress_lzss.c.obj (.text:decompress:lzss:__TI_decompress_lzss)
                  00000900    00000044                                   : autoinit.c.obj (.text:__TI_auto_init_nobinit_nopinit:__TI_auto_init_nobinit_nopinit)
                  00000944    00000034                                   : boot_cortex_m.c.obj (.text:_c_int00_noargs:_c_int00_noargs)
                  00000978    00000034                                   : rand.c.obj (.text:rand)
                  000009ac    00000024     CortexM.obj (.text)
                  000009d0    00000024     rtsv7M4_T_le_v4SPD16_eabi.lib : rand.c.obj (.text:srand)
                  000009f4    0000000e                                   : copy_decompress_none.c.obj (.text:decompress:none:__TI_decompress_none)
                  00000a02    0000000e     startup_msp432p401r_ccs.obj (.text)
                  00000a10    00000004     rtsv7M4_T_le_v4SPD16_eabi.lib : pre_init.c.obj (.text:_system_pre_init)
                  00000a14    00000004                                   : exit.c.obj (.text:abort:abort)
                  00000a18    00000002                                   : _lock.c.obj (.text:_nop)

.cinit     0    00000a20    00000028     
                  00000a20    00000015     (.cinit..data.load) [load image, compression = lzss]
                  00000a35    00000003     --HOLE-- [fill = 0]
                  00000a38    00000008     (__TI_handler_table)
                  00000a40    00000008     (__TI_cinit_table)

.init_array 
*          0    00000000    00000000     UNINITIALIZED

.binit     0    00000000    00000000     

.data      0    20000000    00000029     UNINITIALIZED
                  20000000    00000018     Clock.obj (.data)
                  20000018    00000008     rtsv7M4_T_le_v4SPD16_eabi.lib : _lock.c.obj (.data:$O1$$)
                  20000020    00000004                                   : rand.c.obj (.data)
                  20000024    00000004     system_msp432p401r.obj (.data)
                  20000028    00000001     main.obj (.data)

.stack     0    2000fe00    00000200     UNINITIALIZED
                  2000fe00    00000004     rtsv7M4_T_le_v4SPD16_eabi.lib : boot_cortex_m.c.obj (.stack)
                  2000fe04    000001fc     --HOLE--

__llvm_prf_cnts 
*          0    20000000    00000000     UNINITIALIZED

MODULE SUMMARY

       Module                        code   ro data   rw data
       ------                        ----   -------   -------
    .\
       system_msp432p401r.obj        820    0         8      
       Clock.obj                     480    0         48     
       main.obj                      384    0         2      
       startup_msp432p401r_ccs.obj   14     228       0      
       Init_Ports.obj                132    0         0      
       CortexM.obj                   36     0         0      
    +--+-----------------------------+------+---------+---------+
       Total:                        1866   228       58     
                                                             
    C:\ti\ccs1110\ccs\tools\compiler\ti-cgt-arm_20.2.5.LTS\lib\rtsv7M4_T_le_v4SPD16_eabi.lib
       memcpy_t2.asm.obj             156    0         0      
       copy_decompress_lzss.c.obj    104    0         0      
       rand.c.obj                    88     0         8      
       autoinit.c.obj                68     0         0      
       boot_cortex_m.c.obj           52     0         0      
       _lock.c.obj                   2      0         16     
       copy_decompress_none.c.obj    14     0         0      
       exit.c.obj                    4      0         0      
       pre_init.c.obj                4      0         0      
    +--+-----------------------------+------+---------+---------+
       Total:                        492    0         24     
                                                             
       Stack:                        0      0         1024   
       Linker Generated:             0      37        0      
    +--+-----------------------------+------+---------+---------+
       Grand Total:                  2358   265       1106   


LINKER GENERATED COPY TABLES

__TI_cinit_table @ 00000a40 records: 1, size/record: 8, table size: 8
	.data: load addr=00000a20, load size=00000015 bytes, run addr=20000000, run size=00000029 bytes, compression=lzss


LINKER GENERATED HANDLER TABLE

__TI_handler_table @ 00000a38 records: 2, size/record: 4, table size: 8
	index: 0, handler: __TI_decompress_lzss
	index: 1, handler: __TI_decompress_none


GLOBAL SYMBOLS: SORTED ALPHABETICALLY BY Name 

address   name                          
-------   ----                          
00000a0f  ADC14_IRQHandler              
00000a0f  AES256_IRQHandler             
00000a0f  BusFault_Handler              
00000a15  C$$EXIT                       
00000a0f  COMP_E0_IRQHandler            
00000a0f  COMP_E1_IRQHandler            
20000008  CPMwait                       
00000a0f  CS_IRQHandler                 
20000000  ClockFrequency                
0000056d  Clock_Delay1ms                
00000543  Clock_Delay1us                
0000052f  Clock_GetFreq                 
00000419  Clock_Init48MHz               
20000014  Crystalstable                 
00000a0f  DMA_ERR_IRQHandler            
00000a0f  DMA_INT0_IRQHandler           
00000a0f  DMA_INT1_IRQHandler           
00000a0f  DMA_INT2_IRQHandler           
00000a0f  DMA_INT3_IRQHandler           
00000a0f  DebugMon_Handler              
00000a0f  Default_Handler               
000009ad  DisableInterrupts             
00000a0f  EUSCIA0_IRQHandler            
00000a0f  EUSCIA1_IRQHandler            
00000a0f  EUSCIA2_IRQHandler            
00000a0f  EUSCIA3_IRQHandler            
00000a0f  EUSCIB0_IRQHandler            
00000a0f  EUSCIB1_IRQHandler            
00000a0f  EUSCIB2_IRQHandler            
00000a0f  EUSCIB3_IRQHandler            
000009b3  EnableInterrupts              
000009c3  EndCritical                   
00000a0f  FLCTL_IRQHandler              
00000a0f  FPU_IRQHandler                
00000a0f  HardFault_Handler             
20000010  IFlags                        
00000a0f  MemManage_Handler             
00000a0f  NMI_Handler                   
00000a0f  PCM_IRQHandler                
00000a0f  PORT1_IRQHandler              
00000a0f  PORT2_IRQHandler              
00000a0f  PORT3_IRQHandler              
00000a0f  PORT4_IRQHandler              
000005f9  PORT5_IRQHandler              
000005f9  PORT5_IRQHandler              
00000a0f  PORT6_IRQHandler              
00000a0f  PSS_IRQHandler                
00000a0f  PendSV_Handler                
00000877  Port10_Init                   
00000815  Port1_Init                    
00000817  Port2_Init                    
00000819  Port3_Init                    
0000081b  Port4_Init                    
0000081d  Port5_Init                    
0000086f  Port6_Init                    
00000871  Port7_Init                    
00000873  Port8_Init                    
00000875  Port9_Init                    
00000879  PortJ_Init                    
2000000c  Postwait                      
20000004  Prewait                       
00000a0f  RTC_C_IRQHandler              
00000a03  Reset_Handler                 
00000a0f  SVC_Handler                   
000009b9  StartCritical                 
00000a0f  SysTick_Handler               
20000024  SystemCoreClock               
000000e5  SystemCoreClockUpdate         
0000035d  SystemInit                    
00000a0f  T32_INT1_IRQHandler           
00000a0f  T32_INT2_IRQHandler           
00000a0f  T32_INTC_IRQHandler           
00000a0f  TA0_0_IRQHandler              
00000a0f  TA0_N_IRQHandler              
00000a0f  TA1_0_IRQHandler              
00000a0f  TA1_N_IRQHandler              
00000a0f  TA2_0_IRQHandler              
00000a0f  TA2_N_IRQHandler              
00000a0f  TA3_0_IRQHandler              
00000a0f  TA3_N_IRQHandler              
00000a0f  UsageFault_Handler            
4000480c  WDTCTL_SYM                    
00000a0f  WDT_A_IRQHandler              
000009cb  WaitForInterrupt              
20010000  __STACK_END                   
00000200  __STACK_SIZE                  
00000a40  __TI_CINIT_Base               
00000a48  __TI_CINIT_Limit              
00000a38  __TI_Handler_Table_Base       
00000a40  __TI_Handler_Table_Limit      
00000901  __TI_auto_init_nobinit_nopinit
00000899  __TI_decompress_lzss          
000009f5  __TI_decompress_none          
ffffffff  __TI_pprof_out_hndl           
ffffffff  __TI_prof_data_size           
ffffffff  __TI_prof_data_start          
00000000  __TI_static_base__            
00000779  __aeabi_memcpy                
00000779  __aeabi_memcpy4               
00000779  __aeabi_memcpy8               
ffffffff  __binit__                     
ffffffff  __c_args__                    
UNDEFED   __mpu_init                    
2000fe00  __stack                       
20000000  __start___llvm_prf_cnts       
20000000  __stop___llvm_prf_cnts        
00000945  _c_int00_noargs               
20000018  _lock                         
00000a19  _nop                          
UNDEFED   _system_post_cinit            
00000a11  _system_pre_init              
2000001c  _unlock                       
00000a15  abort                         
ffffffff  binit                         
00000535  delay                         
00000000  interruptVectors              
00000609  main                          
00000779  memcpy                        
00000979  rand                          
000009d1  srand                         
20000028  wasInterrupt                  


GLOBAL SYMBOLS: SORTED BY Symbol Address 

address   name                          
-------   ----                          
00000000  __TI_static_base__            
00000000  interruptVectors              
000000e5  SystemCoreClockUpdate         
00000200  __STACK_SIZE                  
0000035d  SystemInit                    
00000419  Clock_Init48MHz               
0000052f  Clock_GetFreq                 
00000535  delay                         
00000543  Clock_Delay1us                
0000056d  Clock_Delay1ms                
000005f9  PORT5_IRQHandler              
000005f9  PORT5_IRQHandler              
00000609  main                          
00000779  __aeabi_memcpy                
00000779  __aeabi_memcpy4               
00000779  __aeabi_memcpy8               
00000779  memcpy                        
00000815  Port1_Init                    
00000817  Port2_Init                    
00000819  Port3_Init                    
0000081b  Port4_Init                    
0000081d  Port5_Init                    
0000086f  Port6_Init                    
00000871  Port7_Init                    
00000873  Port8_Init                    
00000875  Port9_Init                    
00000877  Port10_Init                   
00000879  PortJ_Init                    
00000899  __TI_decompress_lzss          
00000901  __TI_auto_init_nobinit_nopinit
00000945  _c_int00_noargs               
00000979  rand                          
000009ad  DisableInterrupts             
000009b3  EnableInterrupts              
000009b9  StartCritical                 
000009c3  EndCritical                   
000009cb  WaitForInterrupt              
000009d1  srand                         
000009f5  __TI_decompress_none          
00000a03  Reset_Handler                 
00000a0f  ADC14_IRQHandler              
00000a0f  AES256_IRQHandler             
00000a0f  BusFault_Handler              
00000a0f  COMP_E0_IRQHandler            
00000a0f  COMP_E1_IRQHandler            
00000a0f  CS_IRQHandler                 
00000a0f  DMA_ERR_IRQHandler            
00000a0f  DMA_INT0_IRQHandler           
00000a0f  DMA_INT1_IRQHandler           
00000a0f  DMA_INT2_IRQHandler           
00000a0f  DMA_INT3_IRQHandler           
00000a0f  DebugMon_Handler              
00000a0f  Default_Handler               
00000a0f  EUSCIA0_IRQHandler            
00000a0f  EUSCIA1_IRQHandler            
00000a0f  EUSCIA2_IRQHandler            
00000a0f  EUSCIA3_IRQHandler            
00000a0f  EUSCIB0_IRQHandler            
00000a0f  EUSCIB1_IRQHandler            
00000a0f  EUSCIB2_IRQHandler            
00000a0f  EUSCIB3_IRQHandler            
00000a0f  FLCTL_IRQHandler              
00000a0f  FPU_IRQHandler                
00000a0f  HardFault_Handler             
00000a0f  MemManage_Handler             
00000a0f  NMI_Handler                   
00000a0f  PCM_IRQHandler                
00000a0f  PORT1_IRQHandler              
00000a0f  PORT2_IRQHandler              
00000a0f  PORT3_IRQHandler              
00000a0f  PORT4_IRQHandler              
00000a0f  PORT6_IRQHandler              
00000a0f  PSS_IRQHandler                
00000a0f  PendSV_Handler                
00000a0f  RTC_C_IRQHandler              
00000a0f  SVC_Handler                   
00000a0f  SysTick_Handler               
00000a0f  T32_INT1_IRQHandler           
00000a0f  T32_INT2_IRQHandler           
00000a0f  T32_INTC_IRQHandler           
00000a0f  TA0_0_IRQHandler              
00000a0f  TA0_N_IRQHandler              
00000a0f  TA1_0_IRQHandler              
00000a0f  TA1_N_IRQHandler              
00000a0f  TA2_0_IRQHandler              
00000a0f  TA2_N_IRQHandler              
00000a0f  TA3_0_IRQHandler              
00000a0f  TA3_N_IRQHandler              
00000a0f  UsageFault_Handler            
00000a0f  WDT_A_IRQHandler              
00000a11  _system_pre_init              
00000a15  C$$EXIT                       
00000a15  abort                         
00000a19  _nop                          
00000a38  __TI_Handler_Table_Base       
00000a40  __TI_CINIT_Base               
00000a40  __TI_Handler_Table_Limit      
00000a48  __TI_CINIT_Limit              
20000000  ClockFrequency                
20000000  __start___llvm_prf_cnts       
20000000  __stop___llvm_prf_cnts        
20000004  Prewait                       
20000008  CPMwait                       
2000000c  Postwait                      
20000010  IFlags                        
20000014  Crystalstable                 
20000018  _lock                         
2000001c  _unlock                       
20000024  SystemCoreClock               
20000028  wasInterrupt                  
2000fe00  __stack                       
20010000  __STACK_END                   
4000480c  WDTCTL_SYM                    
ffffffff  __TI_pprof_out_hndl           
ffffffff  __TI_prof_data_size           
ffffffff  __TI_prof_data_start          
ffffffff  __binit__                     
ffffffff  __c_args__                    
ffffffff  binit                         
UNDEFED   __mpu_init                    
UNDEFED   _system_post_cinit            

[121 symbols]
